Archive member included because of file (symbol)

/opt/gcc-arm-none-eabi-4_9-2015q3/bin/../lib/gcc/arm-none-eabi/4.9.3/../../../../arm-none-eabi/lib/armv7-m/libg_nano.a(lib_a-errno.o)
                              ./system/src/newlib/_sbrk.o (__errno)
/opt/gcc-arm-none-eabi-4_9-2015q3/bin/../lib/gcc/arm-none-eabi/4.9.3/../../../../arm-none-eabi/lib/armv7-m/libg_nano.a(lib_a-impure.o)
                              /opt/gcc-arm-none-eabi-4_9-2015q3/bin/../lib/gcc/arm-none-eabi/4.9.3/../../../../arm-none-eabi/lib/armv7-m/libg_nano.a(lib_a-errno.o) (_impure_ptr)
/opt/gcc-arm-none-eabi-4_9-2015q3/bin/../lib/gcc/arm-none-eabi/4.9.3/../../../../arm-none-eabi/lib/armv7-m/libg_nano.a(lib_a-init.o)
                              ./system/src/cmsis/startup_stm32f103xb.o (__libc_init_array)
/opt/gcc-arm-none-eabi-4_9-2015q3/bin/../lib/gcc/arm-none-eabi/4.9.3/../../../../arm-none-eabi/lib/armv7-m/libg_nano.a(lib_a-memcpy.o)
                              ./src/usbd_cdc_if.o (memcpy)
/opt/gcc-arm-none-eabi-4_9-2015q3/bin/../lib/gcc/arm-none-eabi/4.9.3/../../../../arm-none-eabi/lib/armv7-m/libg_nano.a(lib_a-strlen.o)
                              ./system/src/diag/Trace.o (strlen)
/opt/gcc-arm-none-eabi-4_9-2015q3/bin/../lib/gcc/arm-none-eabi/4.9.3/../../../../arm-none-eabi/lib/armv7-m/libg_nano.a(lib_a-vsnprintf.o)
                              ./system/src/diag/Trace.o (vsnprintf)
/opt/gcc-arm-none-eabi-4_9-2015q3/bin/../lib/gcc/arm-none-eabi/4.9.3/../../../../arm-none-eabi/lib/armv7-m/libg_nano.a(lib_a-nano-svfprintf.o)
                              /opt/gcc-arm-none-eabi-4_9-2015q3/bin/../lib/gcc/arm-none-eabi/4.9.3/../../../../arm-none-eabi/lib/armv7-m/libg_nano.a(lib_a-vsnprintf.o) (_svfprintf_r)
/opt/gcc-arm-none-eabi-4_9-2015q3/bin/../lib/gcc/arm-none-eabi/4.9.3/../../../../arm-none-eabi/lib/armv7-m/libg_nano.a(lib_a-nano-vfprintf_i.o)
                              /opt/gcc-arm-none-eabi-4_9-2015q3/bin/../lib/gcc/arm-none-eabi/4.9.3/../../../../arm-none-eabi/lib/armv7-m/libg_nano.a(lib_a-nano-svfprintf.o) (_printf_i)
/opt/gcc-arm-none-eabi-4_9-2015q3/bin/../lib/gcc/arm-none-eabi/4.9.3/../../../../arm-none-eabi/lib/armv7-m/libg_nano.a(lib_a-memchr.o)
                              /opt/gcc-arm-none-eabi-4_9-2015q3/bin/../lib/gcc/arm-none-eabi/4.9.3/../../../../arm-none-eabi/lib/armv7-m/libg_nano.a(lib_a-nano-svfprintf.o) (memchr)
/opt/gcc-arm-none-eabi-4_9-2015q3/bin/../lib/gcc/arm-none-eabi/4.9.3/../../../../arm-none-eabi/lib/armv7-m/libg_nano.a(lib_a-memmove.o)
                              /opt/gcc-arm-none-eabi-4_9-2015q3/bin/../lib/gcc/arm-none-eabi/4.9.3/../../../../arm-none-eabi/lib/armv7-m/libg_nano.a(lib_a-nano-svfprintf.o) (memmove)
/opt/gcc-arm-none-eabi-4_9-2015q3/bin/../lib/gcc/arm-none-eabi/4.9.3/../../../../arm-none-eabi/lib/armv7-m/libg_nano.a(lib_a-nano-freer.o)
                              /opt/gcc-arm-none-eabi-4_9-2015q3/bin/../lib/gcc/arm-none-eabi/4.9.3/../../../../arm-none-eabi/lib/armv7-m/libg_nano.a(lib_a-nano-svfprintf.o) (_free_r)
/opt/gcc-arm-none-eabi-4_9-2015q3/bin/../lib/gcc/arm-none-eabi/4.9.3/../../../../arm-none-eabi/lib/armv7-m/libg_nano.a(lib_a-nano-mallocr.o)
                              /opt/gcc-arm-none-eabi-4_9-2015q3/bin/../lib/gcc/arm-none-eabi/4.9.3/../../../../arm-none-eabi/lib/armv7-m/libg_nano.a(lib_a-nano-svfprintf.o) (_malloc_r)
/opt/gcc-arm-none-eabi-4_9-2015q3/bin/../lib/gcc/arm-none-eabi/4.9.3/../../../../arm-none-eabi/lib/armv7-m/libg_nano.a(lib_a-nano-reallocr.o)
                              /opt/gcc-arm-none-eabi-4_9-2015q3/bin/../lib/gcc/arm-none-eabi/4.9.3/../../../../arm-none-eabi/lib/armv7-m/libg_nano.a(lib_a-nano-svfprintf.o) (_realloc_r)
/opt/gcc-arm-none-eabi-4_9-2015q3/bin/../lib/gcc/arm-none-eabi/4.9.3/../../../../arm-none-eabi/lib/armv7-m/libg_nano.a(lib_a-sbrkr.o)
                              /opt/gcc-arm-none-eabi-4_9-2015q3/bin/../lib/gcc/arm-none-eabi/4.9.3/../../../../arm-none-eabi/lib/armv7-m/libg_nano.a(lib_a-nano-mallocr.o) (_sbrk_r)
/opt/gcc-arm-none-eabi-4_9-2015q3/bin/../lib/gcc/arm-none-eabi/4.9.3/../../../../arm-none-eabi/lib/armv7-m/libg_nano.a(lib_a-nano-msizer.o)
                              /opt/gcc-arm-none-eabi-4_9-2015q3/bin/../lib/gcc/arm-none-eabi/4.9.3/../../../../arm-none-eabi/lib/armv7-m/libg_nano.a(lib_a-nano-reallocr.o) (_malloc_usable_size_r)

Allocating common symbols
Common symbol       size              file

hUsbDeviceFS        0x22c             ./src/usb_device.o
Transfer_cplt       0x1               ./src/main.o
Rx_indx             0x1               ./src/main.o
errno               0x4               ./system/src/newlib/_syscalls.o
Rx_data             0x2               ./src/main.o
uwTick              0x4               ./system/src/stm32f1xx/stm32f1xx_hal.o
pFlash              0x20              ./system/src/stm32f1xx/stm32f1xx_hal_flash.o
UserRxBufferFS      0x3e8             ./src/usbd_cdc_if.o
SdMscDriver         0x28              ./src/usb_device.o
receiveData         0x3e8             ./src/main.o
[...]
Memory Configuration

Name             Origin             Length             Attributes
RAM              0x20000000         0x00005000         xrw
CCMRAM           0x00000000         0x00000000         xrw
FLASH            0x08000000         0x00010000         xr
FLASHB1          0x00000000         0x00000000         xr
EXTMEMB0         0x00000000         0x00000000         xr
EXTMEMB1         0x00000000         0x00000000         xr
EXTMEMB2         0x00000000         0x00000000         xr
EXTMEMB3         0x00000000         0x00000000         xr
MEMORY_ARRAY     0x00000000         0x00000000         xrw
*default*        0x00000000         0xffffffff

Linker script and memory map

LOAD ./system/src/stm32f1xx/stm32f1xx_hal.o
LOAD ./system/src/stm32f1xx/stm32f1xx_hal_cortex.o
LOAD ./system/src/stm32f1xx/stm32f1xx_hal_dma.o
LOAD ./system/src/stm32f1xx/stm32f1xx_hal_flash.o
LOAD ./system/src/stm32f1xx/stm32f1xx_hal_flash_ex.o
LOAD ./system/src/stm32f1xx/stm32f1xx_hal_gpio.o
LOAD ./system/src/stm32f1xx/stm32f1xx_hal_gpio_ex.o
LOAD ./system/src/stm32f1xx/stm32f1xx_hal_pcd.o
LOAD ./system/src/stm32f1xx/stm32f1xx_hal_pcd_ex.o
LOAD ./system/src/stm32f1xx/stm32f1xx_hal_pwr.o
LOAD ./system/src/stm32f1xx/stm32f1xx_hal_rcc.o
LOAD ./system/src/stm32f1xx/stm32f1xx_hal_rcc_ex.o
LOAD ./system/src/stm32f1xx/stm32f1xx_hal_tim.o
LOAD ./system/src/stm32f1xx/stm32f1xx_hal_tim_ex.o
LOAD ./system/src/stm32f1xx/stm32f1xx_hal_uart.o
LOAD ./system/src/stm32f1xx/stm32f1xx_ll_usb.o
LOAD ./system/src/newlib/_cxx.o
LOAD ./system/src/newlib/_exit.o
LOAD ./system/src/newlib/_sbrk.o
LOAD ./system/src/newlib/_startup.o
LOAD ./system/src/newlib/_syscalls.o
LOAD ./system/src/newlib/assert.o
LOAD ./system/src/diag/Trace.o
LOAD ./system/src/diag/trace_impl.o
LOAD ./system/src/cortexm/_initialize_hardware.o
LOAD ./system/src/cortexm/_reset_hardware.o
LOAD ./system/src/cortexm/exception_handlers.o
LOAD ./system/src/cmsis/startup_stm32f103xb.o
LOAD ./system/src/cmsis/system_stm32f1xx.o
LOAD ./src/main.o
LOAD ./src/stm32f1xx_hal_msp.o
LOAD ./src/stm32f1xx_it.o
LOAD ./src/usb_device.o
LOAD ./src/usbd_cdc_if.o
LOAD ./src/usbd_conf.o
LOAD ./src/usbd_desc.o
LOAD ./Middlewares/ST/STM32_USB_Device_Library/Core/Src/usbd_core.o
LOAD ./Middlewares/ST/STM32_USB_Device_Library/Core/Src/usbd_ctlreq.o
LOAD ./Middlewares/ST/STM32_USB_Device_Library/Core/Src/usbd_ioreq.o
LOAD ./Middlewares/ST/STM32_USB_Device_Library/Class/CDC/Src/usbd_cdc.o
LOAD ./Middlewares/ST/STM32_USB_Device_Library/Class/MSC/Src/usbd_msc_bot.o
LOAD ./Middlewares/ST/STM32_USB_Device_Library/Class/MSC/Src/usbd_msc_data.o
LOAD ./Middlewares/ST/STM32_USB_Device_Library/Class/MSC/Src/usbd_msc_scsi.o
LOAD ./Middlewares/ST/STM32_USB_Device_Library/Class/MSC/Src/usbd_msc.o
LOAD ./Middlewares/ST/STM32_USB_Device_Library/Class/MSC_CDC/Src/usbd_msc_cdc.o
LOAD /opt/gcc-arm-none-eabi-4_9-2015q3/bin/../lib/gcc/arm-none-eabi/4.9.3/../../../../arm-none-eabi/lib/armv7-m/libstdc++_nano.a
LOAD /opt/gcc-arm-none-eabi-4_9-2015q3/bin/../lib/gcc/arm-none-eabi/4.9.3/../../../../arm-none-eabi/lib/armv7-m/libm.a
START GROUP
LOAD /opt/gcc-arm-none-eabi-4_9-2015q3/bin/../lib/gcc/arm-none-eabi/4.9.3/armv7-m/libgcc.a
LOAD /opt/gcc-arm-none-eabi-4_9-2015q3/bin/../lib/gcc/arm-none-eabi/4.9.3/../../../../arm-none-eabi/lib/armv7-m/libg_nano.a
LOAD /opt/gcc-arm-none-eabi-4_9-2015q3/bin/../lib/gcc/arm-none-eabi/4.9.3/../../../../arm-none-eabi/lib/armv7-m/libc_nano.a
END GROUP
START GROUP
LOAD /opt/gcc-arm-none-eabi-4_9-2015q3/bin/../lib/gcc/arm-none-eabi/4.9.3/armv7-m/libgcc.a
LOAD /opt/gcc-arm-none-eabi-4_9-2015q3/bin/../lib/gcc/arm-none-eabi/4.9.3/../../../../arm-none-eabi/lib/armv7-m/libc_nano.a
END GROUP
                0x20005000                __stack = (ORIGIN (RAM) + 0x5000)
                0x20005000                _estack = __stack
                0x00000400                __Main_Stack_Size = 0x400
                0x00000400                PROVIDE (_Main_Stack_Size, __Main_Stack_Size)
                0x20004c00                __Main_Stack_Limit = (__stack - __Main_Stack_Size)
                0x20004c00                PROVIDE (_Main_Stack_Limit, __Main_Stack_Limit)
                0x00000100                _Minimum_Stack_Size = 0x100
                0x20001bd0                PROVIDE (_Heap_Begin, _end_noinit)
                0x20004c00                PROVIDE (_Heap_Limit, (__stack - __Main_Stack_Size))

.isr_vector     0x08000000      0x350
 FILL mask 0xff
                0x08000000                __vectors_start = ABSOLUTE (.)
                0x08000000                __vectors_start__ = ABSOLUTE (.)
 *(.isr_vector)
 .isr_vector    0x08000000      0x10c ./system/src/cmsis/startup_stm32f103xb.o
                0x08000000                g_pfnVectors
 *(.cfmconfig)
 *(.after_vectors .after_vectors.*)
 .after_vectors
                0x0800010c      0x114 ./system/src/newlib/_startup.o
                0x0800010c                _start
 .after_vectors
                0x08000220      0x130 ./system/src/cortexm/exception_handlers.o
                0x08000220                Reset_Handler
                0x08000240                HardFault_Handler_C
                0x080002b8                BusFault_Handler_C
                0x08000300                UsageFault_Handler_C

.inits          0x08000350       0x28
                0x08000350                __data_regions_array_start = .
                0x08000350        0x4 LONG 0x8005830 LOADADDR (.data)
                0x08000354        0x4 LONG 0x20000000 ADDR (.data)
                0x08000358        0x4 LONG 0x200000e8 (ADDR (.data) + SIZEOF (.data))
                0x0800035c        0x4 LONG 0x8005830 LOADADDR (.data_CCMRAM)
                0x08000360        0x4 LONG 0x0 ADDR (.data_CCMRAM)
                0x08000364        0x4 LONG 0x0 (ADDR (.data_CCMRAM) + SIZEOF (.data_CCMRAM))
                0x08000368                __data_regions_array_end = .
                0x08000368                __bss_regions_array_start = .
                0x08000368        0x4 LONG 0x200000e8 ADDR (.bss)
                0x0800036c        0x4 LONG 0x20001bd0 (ADDR (.bss) + SIZEOF (.bss))
                0x08000370        0x4 LONG 0x0 ADDR (.bss_CCMRAM)
                0x08000374        0x4 LONG 0x0 (ADDR (.bss_CCMRAM) + SIZEOF (.bss_CCMRAM))
                0x08000378                __bss_regions_array_end = .
 *(.init)
 *(.fini)
                0x08000378                . = ALIGN (0x4)
                0x08000378                PROVIDE (__preinit_array_start, .)
 *(.preinit_array_sysinit .preinit_array_sysinit.*)
 *(.preinit_array_platform .preinit_array_platform.*)
 *(.preinit_array .preinit_array.*)
                0x08000378                PROVIDE (__preinit_array_end, .)
                0x08000378                . = ALIGN (0x4)
                0x08000378                PROVIDE (__init_array_start, .)
 *(SORT(.init_array.*))
 *(.init_array)
                0x08000378                PROVIDE (__init_array_end, .)
                0x08000378                . = ALIGN (0x4)
                0x08000378                PROVIDE (__fini_array_start, .)
 *(SORT(.fini_array.*))
 *(.fini_array)
                0x08000378                PROVIDE (__fini_array_end, .)

.flashtext
 *(.flashtext .flashtext.*)

.text           0x08000378     0x54b7
 *(.text .text.*)
 .text.HAL_InitTick
                0x08000378       0x4c ./system/src/stm32f1xx/stm32f1xx_hal.o
                0x08000378                HAL_InitTick
 .text.HAL_Init
                0x080003c4       0x24 ./system/src/stm32f1xx/stm32f1xx_hal.o
                0x080003c4                HAL_Init
 .text.HAL_IncTick
                0x080003e8       0x18 ./system/src/stm32f1xx/stm32f1xx_hal.o
                0x080003e8                HAL_IncTick
 .text.HAL_GetTick
                0x08000400        0xc ./system/src/stm32f1xx/stm32f1xx_hal.o
                0x08000400                HAL_GetTick
 .text.HAL_NVIC_SetPriorityGrouping
                0x0800040c       0x3c ./system/src/stm32f1xx/stm32f1xx_hal_cortex.o
                0x0800040c                HAL_NVIC_SetPriorityGrouping
 .text.HAL_NVIC_SetPriority
                0x08000448       0x84 ./system/src/stm32f1xx/stm32f1xx_hal_cortex.o
                0x08000448                HAL_NVIC_SetPriority
 .text.HAL_NVIC_EnableIRQ
                0x080004cc       0x28 ./system/src/stm32f1xx/stm32f1xx_hal_cortex.o
                0x080004cc                HAL_NVIC_EnableIRQ
 .text.HAL_SYSTICK_Config
                0x080004f4       0x2c ./system/src/stm32f1xx/stm32f1xx_hal_cortex.o
                0x080004f4                HAL_SYSTICK_Config
 .text.HAL_SYSTICK_CLKSourceConfig
                0x08000520       0x38 ./system/src/stm32f1xx/stm32f1xx_hal_cortex.o
                0x08000520                HAL_SYSTICK_CLKSourceConfig
 .text.HAL_SYSTICK_Callback
                0x08000558        0x4 ./system/src/stm32f1xx/stm32f1xx_hal_cortex.o
                0x08000558                HAL_SYSTICK_Callback
 .text.HAL_SYSTICK_IRQHandler
                0x0800055c        0x8 ./system/src/stm32f1xx/stm32f1xx_hal_cortex.o
                0x0800055c                HAL_SYSTICK_IRQHandler
 .text.HAL_DMA_Abort_IT
                0x08000564       0x98 ./system/src/stm32f1xx/stm32f1xx_hal_dma.o
                0x08000564                HAL_DMA_Abort_IT
 .text.HAL_GPIO_Init
                0x080005fc      0x304 ./system/src/stm32f1xx/stm32f1xx_hal_gpio.o
                0x080005fc                HAL_GPIO_Init
 .text.HAL_PCD_Init
                0x08000900       0xf8 ./system/src/stm32f1xx/stm32f1xx_hal_pcd.o
                0x08000900                HAL_PCD_Init
 .text.HAL_PCD_Start
                0x080009f8       0x30 ./system/src/stm32f1xx/stm32f1xx_hal_pcd.o
                0x080009f8                HAL_PCD_Start
 .text.HAL_PCD_SetAddress
                0x08000a28       0x28 ./system/src/stm32f1xx/stm32f1xx_hal_pcd.o
                0x08000a28                HAL_PCD_SetAddress
 .text.HAL_PCD_EP_Open
                0x08000a50       0x54 ./system/src/stm32f1xx/stm32f1xx_hal_pcd.o
                0x08000a50                HAL_PCD_EP_Open
 .text.HAL_PCD_EP_Close
                0x08000aa4       0x50 ./system/src/stm32f1xx/stm32f1xx_hal_pcd.o
                0x08000aa4                HAL_PCD_EP_Close
 .text.HAL_PCD_EP_Receive
                0x08000af4       0x40 ./system/src/stm32f1xx/stm32f1xx_hal_pcd.o
                0x08000af4                HAL_PCD_EP_Receive
 .text.HAL_PCD_EP_GetRxCount
                0x08000b34       0x10 ./system/src/stm32f1xx/stm32f1xx_hal_pcd.o
                0x08000b34                HAL_PCD_EP_GetRxCount
 .text.HAL_PCD_EP_Transmit
                0x08000b44       0x3c ./system/src/stm32f1xx/stm32f1xx_hal_pcd.o
                0x08000b44                HAL_PCD_EP_Transmit
 .text.PCD_EP_ISR_Handler
                0x08000b80      0x440 ./system/src/stm32f1xx/stm32f1xx_hal_pcd.o
 .text.HAL_PCD_IRQHandler
                0x08000fc0      0x15c ./system/src/stm32f1xx/stm32f1xx_hal_pcd.o
                0x08000fc0                HAL_PCD_IRQHandler
 .text.HAL_PCD_EP_SetStall
                0x0800111c       0x5c ./system/src/stm32f1xx/stm32f1xx_hal_pcd.o
                0x0800111c                HAL_PCD_EP_SetStall
 .text.HAL_PCD_EP_ClrStall
                0x08001178       0x50 ./system/src/stm32f1xx/stm32f1xx_hal_pcd.o
                0x08001178                HAL_PCD_EP_ClrStall
 .text.HAL_PCD_EP_Flush
                0x080011c8       0x38 ./system/src/stm32f1xx/stm32f1xx_hal_pcd.o
                0x080011c8                HAL_PCD_EP_Flush
 .text.HAL_PCDEx_PMAConfig
                0x08001200       0x38 ./system/src/stm32f1xx/stm32f1xx_hal_pcd_ex.o
                0x08001200                HAL_PCDEx_PMAConfig
 .text.RCC_Delay
                0x08001238       0x2c ./system/src/stm32f1xx/stm32f1xx_hal_rcc.o
 .text.HAL_RCC_OscConfig
                0x08001264      0x528 ./system/src/stm32f1xx/stm32f1xx_hal_rcc.o
                0x08001264                HAL_RCC_OscConfig
 .text.HAL_RCC_GetSysClockFreq
                0x0800178c       0x70 ./system/src/stm32f1xx/stm32f1xx_hal_rcc.o
                0x0800178c                HAL_RCC_GetSysClockFreq
 .text.HAL_RCC_ClockConfig
                0x080017fc      0x244 ./system/src/stm32f1xx/stm32f1xx_hal_rcc.o
                0x080017fc                HAL_RCC_ClockConfig
 .text.HAL_RCC_GetHCLKFreq
                0x08001a40        0xc ./system/src/stm32f1xx/stm32f1xx_hal_rcc.o
                0x08001a40                HAL_RCC_GetHCLKFreq
 .text.HAL_RCC_GetPCLK1Freq
                0x08001a4c       0x20 ./system/src/stm32f1xx/stm32f1xx_hal_rcc.o
                0x08001a4c                HAL_RCC_GetPCLK1Freq
 .text.HAL_RCC_GetPCLK2Freq
                0x08001a6c       0x20 ./system/src/stm32f1xx/stm32f1xx_hal_rcc.o
                0x08001a6c                HAL_RCC_GetPCLK2Freq
 .text.HAL_RCCEx_PeriphCLKConfig
                0x08001a8c      0x178 ./system/src/stm32f1xx/stm32f1xx_hal_rcc_ex.o
                0x08001a8c                HAL_RCCEx_PeriphCLKConfig
 .text.UART_EndRxTransfer
                0x08001c04       0x1c ./system/src/stm32f1xx/stm32f1xx_hal_uart.o
 .text.UART_Transmit_IT
                0x08001c20       0x68 ./system/src/stm32f1xx/stm32f1xx_hal_uart.o
 .text.UART_SetConfig
                0x08001c88      0x22c ./system/src/stm32f1xx/stm32f1xx_hal_uart.o
 .text.UART_WaitOnFlagUntilTimeout
                0x08001eb4       0x68 ./system/src/stm32f1xx/stm32f1xx_hal_uart.o
 .text.HAL_UART_Init
                0x08001f1c       0xec ./system/src/stm32f1xx/stm32f1xx_hal_uart.o
                0x08001f1c                HAL_UART_Init
 .text.HAL_UART_Transmit
                0x08002008       0xe0 ./system/src/stm32f1xx/stm32f1xx_hal_uart.o
                0x08002008                HAL_UART_Transmit
 .text.HAL_UART_Receive_IT
                0x080020e8       0x5c ./system/src/stm32f1xx/stm32f1xx_hal_uart.o
                0x080020e8                HAL_UART_Receive_IT
 .text.HAL_UART_TxCpltCallback
                0x08002144        0x4 ./system/src/stm32f1xx/stm32f1xx_hal_uart.o
                0x08002144                HAL_UART_TxCpltCallback
 .text.UART_EndTransmit_IT
                0x08002148       0x1c ./system/src/stm32f1xx/stm32f1xx_hal_uart.o
 .text.UART_Receive_IT
                0x08002164       0x9c ./system/src/stm32f1xx/stm32f1xx_hal_uart.o
 .text.HAL_UART_ErrorCallback
                0x08002200        0x4 ./system/src/stm32f1xx/stm32f1xx_hal_uart.o
                0x08002200                HAL_UART_ErrorCallback
 .text.HAL_UART_IRQHandler
                0x08002204      0x11c ./system/src/stm32f1xx/stm32f1xx_hal_uart.o
                0x08002204                HAL_UART_IRQHandler
 .text.UART_DMAAbortOnError
                0x08002320       0x10 ./system/src/stm32f1xx/stm32f1xx_hal_uart.o
 .text.USB_CoreInit
                0x08002330       0x10 ./system/src/stm32f1xx/stm32f1xx_ll_usb.o
                0x08002330                USB_CoreInit
 .text.USB_EnableGlobalInt
                0x08002340       0x14 ./system/src/stm32f1xx/stm32f1xx_ll_usb.o
                0x08002340                USB_EnableGlobalInt
 .text.USB_DisableGlobalInt
                0x08002354       0x14 ./system/src/stm32f1xx/stm32f1xx_ll_usb.o
                0x08002354                USB_DisableGlobalInt
 .text.USB_SetCurrentMode
                0x08002368        0x4 ./system/src/stm32f1xx/stm32f1xx_ll_usb.o
                0x08002368                USB_SetCurrentMode
 .text.USB_DevInit
                0x0800236c       0x2c ./system/src/stm32f1xx/stm32f1xx_ll_usb.o
                0x0800236c                USB_DevInit
 .text.USB_FlushTxFifo
                0x08002398        0x4 ./system/src/stm32f1xx/stm32f1xx_ll_usb.o
                0x08002398                USB_FlushTxFifo
 .text.USB_FlushRxFifo
                0x0800239c        0x4 ./system/src/stm32f1xx/stm32f1xx_ll_usb.o
                0x0800239c                USB_FlushRxFifo
 .text.USB_ActivateEndpoint
                0x080023a0      0x33c ./system/src/stm32f1xx/stm32f1xx_ll_usb.o
                0x080023a0                USB_ActivateEndpoint
 .text.USB_DeactivateEndpoint
                0x080026dc      0x1d4 ./system/src/stm32f1xx/stm32f1xx_ll_usb.o
                0x080026dc                USB_DeactivateEndpoint
 .text.USB_EPSetStall
                0x080028b0       0x70 ./system/src/stm32f1xx/stm32f1xx_ll_usb.o
                0x080028b0                USB_EPSetStall
 .text.USB_EPClearStall
                0x08002920       0x98 ./system/src/stm32f1xx/stm32f1xx_ll_usb.o
                0x08002920                USB_EPClearStall
 .text.USB_SetDevAddress
                0x080029b8        0xc ./system/src/stm32f1xx/stm32f1xx_ll_usb.o
                0x080029b8                USB_SetDevAddress
 .text.USB_DevConnect
                0x080029c4        0x4 ./system/src/stm32f1xx/stm32f1xx_ll_usb.o
                0x080029c4                USB_DevConnect
 .text.USB_DevDisconnect
                0x080029c8        0x4 ./system/src/stm32f1xx/stm32f1xx_ll_usb.o
                0x080029c8                USB_DevDisconnect
 .text.USB_ReadInterrupts
                0x080029cc        0x8 ./system/src/stm32f1xx/stm32f1xx_ll_usb.o
                0x080029cc                USB_ReadInterrupts
 .text.USB_EP0_OutStart
                0x080029d4        0x4 ./system/src/stm32f1xx/stm32f1xx_ll_usb.o
                0x080029d4                USB_EP0_OutStart
 .text.USB_WritePMA
                0x080029d8       0x2c ./system/src/stm32f1xx/stm32f1xx_ll_usb.o
                0x080029d8                USB_WritePMA
 .text.USB_EPStartXfer
                0x08002a04      0x2e0 ./system/src/stm32f1xx/stm32f1xx_ll_usb.o
                0x08002a04                USB_EPStartXfer
 .text.USB_ReadPMA
                0x08002ce4       0x20 ./system/src/stm32f1xx/stm32f1xx_ll_usb.o
                0x08002ce4                USB_ReadPMA
 .text._exit    0x08002d04        0x4 ./system/src/newlib/_exit.o
                0x08002d04                _exit
 .text._sbrk    0x08002d08       0x44 ./system/src/newlib/_sbrk.o
                0x08002d08                _sbrk
 .text.__initialize_args
                0x08002d4c       0x10 ./system/src/newlib/_syscalls.o
                0x08002d4c                __initialize_args
 .text.trace_printf
                0x08002d5c       0x34 ./system/src/diag/Trace.o
                0x08002d5c                trace_printf
 .text._trace_write_semihosting_debug
                0x08002d90       0x64 ./system/src/diag/trace_impl.o
 .text.trace_write
                0x08002df4        0x8 ./system/src/diag/trace_impl.o
                0x08002df4                trace_write
 .text.__initialize_hardware_early
                0x08002dfc       0x18 ./system/src/cortexm/_initialize_hardware.o
                0x08002dfc                __initialize_hardware_early
 .text.__initialize_hardware
                0x08002e14        0x8 ./system/src/cortexm/_initialize_hardware.o
                0x08002e14                __initialize_hardware
 .text.dumpExceptionStack
                0x08002e1c       0xf0 ./system/src/cortexm/exception_handlers.o
                0x08002e1c                dumpExceptionStack
 .text.isSemihosting
                0x08002f0c       0x20 ./system/src/cortexm/exception_handlers.o
                0x08002f0c                isSemihosting
 .text.Default_Handler
                0x08002f2c        0x2 ./system/src/cmsis/startup_stm32f103xb.o
                0x08002f2c                RTC_Alarm_IRQHandler
                0x08002f2c                EXTI2_IRQHandler
                0x08002f2c                TIM1_CC_IRQHandler
                0x08002f2c                PVD_IRQHandler
                0x08002f2c                EXTI3_IRQHandler
                0x08002f2c                EXTI0_IRQHandler
                0x08002f2c                I2C2_EV_IRQHandler
                0x08002f2c                ADC1_2_IRQHandler
                0x08002f2c                SPI1_IRQHandler
                0x08002f2c                TAMPER_IRQHandler
                0x08002f2c                DMA1_Channel4_IRQHandler
                0x08002f2c                USART3_IRQHandler
                0x08002f2c                RTC_IRQHandler
                0x08002f2c                DMA1_Channel7_IRQHandler
                0x08002f2c                CAN1_RX1_IRQHandler
                0x08002f2c                TIM4_IRQHandler
                0x08002f2c                I2C1_EV_IRQHandler
                0x08002f2c                DMA1_Channel6_IRQHandler
                0x08002f2c                TIM3_IRQHandler
                0x08002f2c                RCC_IRQHandler
                0x08002f2c                TIM1_TRG_COM_IRQHandler
                0x08002f2c                DMA1_Channel1_IRQHandler
                0x08002f2c                Default_Handler
                0x08002f2c                EXTI15_10_IRQHandler
                0x08002f2c                EXTI9_5_IRQHandler
                0x08002f2c                SPI2_IRQHandler
                0x08002f2c                DMA1_Channel5_IRQHandler
                0x08002f2c                EXTI4_IRQHandler
                0x08002f2c                USB_HP_CAN1_TX_IRQHandler
                0x08002f2c                DMA1_Channel3_IRQHandler
                0x08002f2c                TIM1_UP_IRQHandler
                0x08002f2c                WWDG_IRQHandler
                0x08002f2c                TIM2_IRQHandler
                0x08002f2c                TIM1_BRK_IRQHandler
                0x08002f2c                EXTI1_IRQHandler
                0x08002f2c                USART2_IRQHandler
                0x08002f2c                I2C2_ER_IRQHandler
                0x08002f2c                DMA1_Channel2_IRQHandler
                0x08002f2c                CAN1_SCE_IRQHandler
                0x08002f2c                FLASH_IRQHandler
                0x08002f2c                I2C1_ER_IRQHandler
                0x08002f2c                USBWakeUp_IRQHandler
 *fill*         0x08002f2e        0x2 
 .text.SystemInit
                0x08002f30       0x4c ./system/src/cmsis/system_stm32f1xx.o
                0x08002f30                SystemInit
 .text.SystemCoreClockUpdate
                0x08002f7c       0x94 ./system/src/cmsis/system_stm32f1xx.o
                0x08002f7c                SystemCoreClockUpdate
 .text.MX_GPIO_Init
                0x08003010       0x30 ./src/main.o
 .text.HAL_UART_RxCpltCallback
                0x08003040       0x1c ./src/main.o
                0x08003040                HAL_UART_RxCpltCallback
 .text._Error_Handler
                0x0800305c        0x4 ./src/main.o
                0x0800305c                _Error_Handler
 .text.MX_USART1_UART_Init
                0x08003060       0x3c ./src/main.o
 .text.SystemClock_Config
                0x0800309c       0x9c ./src/main.o
                0x0800309c                SystemClock_Config
 .text.main     0x08003138       0x28 ./src/main.o
                0x08003138                main
 .text.assert_failed
                0x08003160        0x4 ./src/main.o
                0x08003160                assert_failed
 .text.HAL_MspInit
                0x08003164       0x90 ./src/stm32f1xx_hal_msp.o
                0x08003164                HAL_MspInit
 .text.HAL_UART_MspInit
                0x080031f4       0x6c ./src/stm32f1xx_hal_msp.o
                0x080031f4                HAL_UART_MspInit
 .text.NMI_Handler
                0x08003260        0x4 ./src/stm32f1xx_it.o
                0x08003260                NMI_Handler
 .text.HardFault_Handler
                0x08003264        0x4 ./src/stm32f1xx_it.o
                0x08003264                HardFault_Handler
 .text.MemManage_Handler
                0x08003268        0x4 ./src/stm32f1xx_it.o
                0x08003268                MemManage_Handler
 .text.BusFault_Handler
                0x0800326c        0x4 ./src/stm32f1xx_it.o
                0x0800326c                BusFault_Handler
 .text.UsageFault_Handler
                0x08003270        0x4 ./src/stm32f1xx_it.o
                0x08003270                UsageFault_Handler
 .text.SVC_Handler
                0x08003274        0x4 ./src/stm32f1xx_it.o
                0x08003274                SVC_Handler
 .text.DebugMon_Handler
                0x08003278        0x4 ./src/stm32f1xx_it.o
                0x08003278                DebugMon_Handler
 .text.PendSV_Handler
                0x0800327c        0x4 ./src/stm32f1xx_it.o
                0x0800327c                PendSV_Handler
 .text.SysTick_Handler
                0x08003280        0xc ./src/stm32f1xx_it.o
                0x08003280                SysTick_Handler
 .text.USB_LP_CAN1_RX0_IRQHandler
                0x0800328c       0x10 ./src/stm32f1xx_it.o
                0x0800328c                USB_LP_CAN1_RX0_IRQHandler
 .text.USART1_IRQHandler
                0x0800329c       0x20 ./src/stm32f1xx_it.o
                0x0800329c                USART1_IRQHandler
 .text.MX_USB_DEVICE_Init
                0x080032bc       0x38 ./src/usb_device.o
                0x080032bc                MX_USB_DEVICE_Init
 .text.CDC_DeInit_FS
                0x080032f4        0x4 ./src/usbd_cdc_if.o
 .text.CDC_Control_FS
                0x080032f8        0x4 ./src/usbd_cdc_if.o
 .text.CDC_Init_FS
                0x080032fc       0x28 ./src/usbd_cdc_if.o
 .text.CDC_Transmit_FS
                0x08003324       0x3c ./src/usbd_cdc_if.o
                0x08003324                CDC_Transmit_FS
 .text.CDC_Receive_FS
                0x08003360       0x34 ./src/usbd_cdc_if.o
 .text.HAL_PCD_MspInit
                0x08003394       0x40 ./src/usbd_conf.o
                0x08003394                HAL_PCD_MspInit
 .text.HAL_PCD_SetupStageCallback
                0x080033d4       0x14 ./src/usbd_conf.o
                0x080033d4                HAL_PCD_SetupStageCallback
 .text.HAL_PCD_DataOutStageCallback
                0x080033e8       0x14 ./src/usbd_conf.o
                0x080033e8                HAL_PCD_DataOutStageCallback
 .text.HAL_PCD_DataInStageCallback
                0x080033fc       0x14 ./src/usbd_conf.o
                0x080033fc                HAL_PCD_DataInStageCallback
 .text.HAL_PCD_SOFCallback
                0x08003410        0xc ./src/usbd_conf.o
                0x08003410                HAL_PCD_SOFCallback
 .text.HAL_PCD_ResetCallback
                0x0800341c       0x18 ./src/usbd_conf.o
                0x0800341c                HAL_PCD_ResetCallback
 .text.HAL_PCD_SuspendCallback
                0x08003434       0x20 ./src/usbd_conf.o
                0x08003434                HAL_PCD_SuspendCallback
 .text.HAL_PCD_ResumeCallback
                0x08003454        0xc ./src/usbd_conf.o
                0x08003454                HAL_PCD_ResumeCallback
 .text.USBD_LL_Init
                0x08003460       0x90 ./src/usbd_conf.o
                0x08003460                USBD_LL_Init
 .text.USBD_LL_Start
                0x080034f0       0x20 ./src/usbd_conf.o
                0x080034f0                USBD_LL_Start
 .text.USBD_LL_OpenEP
                0x08003510       0x24 ./src/usbd_conf.o
                0x08003510                USBD_LL_OpenEP
 .text.USBD_LL_CloseEP
                0x08003534       0x20 ./src/usbd_conf.o
                0x08003534                USBD_LL_CloseEP
 .text.USBD_LL_FlushEP
                0x08003554       0x20 ./src/usbd_conf.o
                0x08003554                USBD_LL_FlushEP
 .text.USBD_LL_StallEP
                0x08003574       0x20 ./src/usbd_conf.o
                0x08003574                USBD_LL_StallEP
 .text.USBD_LL_ClearStallEP
                0x08003594       0x20 ./src/usbd_conf.o
                0x08003594                USBD_LL_ClearStallEP
 .text.USBD_LL_IsStallEP
                0x080035b4       0x28 ./src/usbd_conf.o
                0x080035b4                USBD_LL_IsStallEP
 .text.USBD_LL_SetUSBAddress
                0x080035dc       0x20 ./src/usbd_conf.o
                0x080035dc                USBD_LL_SetUSBAddress
 .text.USBD_LL_Transmit
                0x080035fc       0x20 ./src/usbd_conf.o
                0x080035fc                USBD_LL_Transmit
 .text.USBD_LL_PrepareReceive
                0x0800361c       0x20 ./src/usbd_conf.o
                0x0800361c                USBD_LL_PrepareReceive
 .text.USBD_LL_GetRxDataSize
                0x0800363c        0xc ./src/usbd_conf.o
                0x0800363c                USBD_LL_GetRxDataSize
 .text.HAL_PCDEx_SetConnectionState
                0x08003648        0x4 ./src/usbd_conf.o
                0x08003648                HAL_PCDEx_SetConnectionState
 .text.USBD_FS_DeviceDescriptor
                0x0800364c        0xc ./src/usbd_desc.o
                0x0800364c                USBD_FS_DeviceDescriptor
 .text.USBD_FS_LangIDStrDescriptor
                0x08003658        0xc ./src/usbd_desc.o
                0x08003658                USBD_FS_LangIDStrDescriptor
 .text.USBD_FS_ProductStrDescriptor
                0x08003664       0x1c ./src/usbd_desc.o
                0x08003664                USBD_FS_ProductStrDescriptor
 .text.USBD_FS_ManufacturerStrDescriptor
                0x08003680       0x1c ./src/usbd_desc.o
                0x08003680                USBD_FS_ManufacturerStrDescriptor
 .text.USBD_FS_SerialStrDescriptor
                0x0800369c       0x1c ./src/usbd_desc.o
                0x0800369c                USBD_FS_SerialStrDescriptor
 .text.USBD_FS_ConfigStrDescriptor
                0x080036b8       0x1c ./src/usbd_desc.o
                0x080036b8                USBD_FS_ConfigStrDescriptor
 .text.USBD_FS_InterfaceStrDescriptor
                0x080036d4       0x1c ./src/usbd_desc.o
                0x080036d4                USBD_FS_InterfaceStrDescriptor
 .text.USBD_Init
                0x080036f0       0x30 ./Middlewares/ST/STM32_USB_Device_Library/Core/Src/usbd_core.o
                0x080036f0                USBD_Init
 .text.USBD_RegisterClass
                0x08003720       0x10 ./Middlewares/ST/STM32_USB_Device_Library/Core/Src/usbd_core.o
                0x08003720                USBD_RegisterClass
 .text.USBD_Start
                0x08003730        0xc ./Middlewares/ST/STM32_USB_Device_Library/Core/Src/usbd_core.o
                0x08003730                USBD_Start
 .text.USBD_SetClassConfig
                0x0800373c       0x1c ./Middlewares/ST/STM32_USB_Device_Library/Core/Src/usbd_core.o
                0x0800373c                USBD_SetClassConfig
 .text.USBD_ClrClassConfig
                0x08003758       0x10 ./Middlewares/ST/STM32_USB_Device_Library/Core/Src/usbd_core.o
                0x08003758                USBD_ClrClassConfig
 .text.USBD_LL_SetupStage
                0x08003768       0x5c ./Middlewares/ST/STM32_USB_Device_Library/Core/Src/usbd_core.o
                0x08003768                USBD_LL_SetupStage
 .text.USBD_LL_DataOutStage
                0x080037c4       0x60 ./Middlewares/ST/STM32_USB_Device_Library/Core/Src/usbd_core.o
                0x080037c4                USBD_LL_DataOutStage
 .text.USBD_LL_DataInStage
                0x08003824       0xa4 ./Middlewares/ST/STM32_USB_Device_Library/Core/Src/usbd_core.o
                0x08003824                USBD_LL_DataInStage
 .text.USBD_LL_Reset
                0x080038c8       0x40 ./Middlewares/ST/STM32_USB_Device_Library/Core/Src/usbd_core.o
                0x080038c8                USBD_LL_Reset
 .text.USBD_LL_SetSpeed
                0x08003908        0x8 ./Middlewares/ST/STM32_USB_Device_Library/Core/Src/usbd_core.o
                0x08003908                USBD_LL_SetSpeed
 .text.USBD_LL_Suspend
                0x08003910       0x14 ./Middlewares/ST/STM32_USB_Device_Library/Core/Src/usbd_core.o
                0x08003910                USBD_LL_Suspend
 .text.USBD_LL_Resume
                0x08003924        0xc ./Middlewares/ST/STM32_USB_Device_Library/Core/Src/usbd_core.o
                0x08003924                USBD_LL_Resume
 .text.USBD_LL_SOF
                0x08003930       0x18 ./Middlewares/ST/STM32_USB_Device_Library/Core/Src/usbd_core.o
                0x08003930                USBD_LL_SOF
 .text.USBD_GetLen
                0x08003948       0x14 ./Middlewares/ST/STM32_USB_Device_Library/Core/Src/usbd_ctlreq.o
 .text.USBD_SetFeature
                0x0800395c       0x20 ./Middlewares/ST/STM32_USB_Device_Library/Core/Src/usbd_ctlreq.o
 .text.USBD_ParseSetupRequest
                0x0800397c       0x28 ./Middlewares/ST/STM32_USB_Device_Library/Core/Src/usbd_ctlreq.o
                0x0800397c                USBD_ParseSetupRequest
 .text.USBD_CtlError
                0x080039a4       0x14 ./Middlewares/ST/STM32_USB_Device_Library/Core/Src/usbd_ctlreq.o
                0x080039a4                USBD_CtlError
 .text.USBD_GetDescriptor
                0x080039b8      0x110 ./Middlewares/ST/STM32_USB_Device_Library/Core/Src/usbd_ctlreq.o
 .text.USBD_SetAddress
                0x08003ac8       0x4c ./Middlewares/ST/STM32_USB_Device_Library/Core/Src/usbd_ctlreq.o
 .text.USBD_SetConfig
                0x08003b14       0xa8 ./Middlewares/ST/STM32_USB_Device_Library/Core/Src/usbd_ctlreq.o
 .text.USBD_GetConfig
                0x08003bbc       0x40 ./Middlewares/ST/STM32_USB_Device_Library/Core/Src/usbd_ctlreq.o
 .text.USBD_GetStatus
                0x08003bfc       0x30 ./Middlewares/ST/STM32_USB_Device_Library/Core/Src/usbd_ctlreq.o
 .text.USBD_ClrFeature
                0x08003c2c       0x30 ./Middlewares/ST/STM32_USB_Device_Library/Core/Src/usbd_ctlreq.o
 .text.USBD_StdDevReq
                0x08003c5c       0x48 ./Middlewares/ST/STM32_USB_Device_Library/Core/Src/usbd_ctlreq.o
                0x08003c5c                USBD_StdDevReq
 .text.USBD_StdItfReq
                0x08003ca4       0x38 ./Middlewares/ST/STM32_USB_Device_Library/Core/Src/usbd_ctlreq.o
                0x08003ca4                USBD_StdItfReq
 .text.USBD_StdEPReq
                0x08003cdc      0x11c ./Middlewares/ST/STM32_USB_Device_Library/Core/Src/usbd_ctlreq.o
                0x08003cdc                USBD_StdEPReq
 .text.USBD_GetString
                0x08003df8       0x3c ./Middlewares/ST/STM32_USB_Device_Library/Core/Src/usbd_ctlreq.o
                0x08003df8                USBD_GetString
 .text.USBD_CtlSendData
                0x08003e34       0x1c ./Middlewares/ST/STM32_USB_Device_Library/Core/Src/usbd_ioreq.o
                0x08003e34                USBD_CtlSendData
 .text.USBD_CtlContinueSendData
                0x08003e50       0x14 ./Middlewares/ST/STM32_USB_Device_Library/Core/Src/usbd_ioreq.o
                0x08003e50                USBD_CtlContinueSendData
 .text.USBD_CtlPrepareRx
                0x08003e64       0x20 ./Middlewares/ST/STM32_USB_Device_Library/Core/Src/usbd_ioreq.o
                0x08003e64                USBD_CtlPrepareRx
 .text.USBD_CtlContinueRx
                0x08003e84       0x14 ./Middlewares/ST/STM32_USB_Device_Library/Core/Src/usbd_ioreq.o
                0x08003e84                USBD_CtlContinueRx
 .text.USBD_CtlSendStatus
                0x08003e98       0x18 ./Middlewares/ST/STM32_USB_Device_Library/Core/Src/usbd_ioreq.o
                0x08003e98                USBD_CtlSendStatus
 .text.USBD_CtlReceiveStatus
                0x08003eb0       0x18 ./Middlewares/ST/STM32_USB_Device_Library/Core/Src/usbd_ioreq.o
                0x08003eb0                USBD_CtlReceiveStatus
 .text.USBD_CDC_DataIn
                0x08003ec8       0x14 ./Middlewares/ST/STM32_USB_Device_Library/Class/CDC/Src/usbd_cdc.o
                0x08003ec8                USBD_CDC_DataIn
 .text.USBD_CDC_EP0_RxReady
                0x08003edc       0x28 ./Middlewares/ST/STM32_USB_Device_Library/Class/CDC/Src/usbd_cdc.o
                0x08003edc                USBD_CDC_EP0_RxReady
 .text.USBD_CDC_Init
                0x08003f04       0x54 ./Middlewares/ST/STM32_USB_Device_Library/Class/CDC/Src/usbd_cdc.o
                0x08003f04                USBD_CDC_Init
 .text.USBD_CDC_DeInit
                0x08003f58       0x34 ./Middlewares/ST/STM32_USB_Device_Library/Class/CDC/Src/usbd_cdc.o
                0x08003f58                USBD_CDC_DeInit
 .text.USBD_CDC_Setup
                0x08003f8c       0x74 ./Middlewares/ST/STM32_USB_Device_Library/Class/CDC/Src/usbd_cdc.o
                0x08003f8c                USBD_CDC_Setup
 .text.USBD_CDC_DataOut
                0x08004000       0x30 ./Middlewares/ST/STM32_USB_Device_Library/Class/CDC/Src/usbd_cdc.o
                0x08004000                USBD_CDC_DataOut
 .text.USBD_CDC_RegisterInterface
                0x08004030       0x10 ./Middlewares/ST/STM32_USB_Device_Library/Class/CDC/Src/usbd_cdc.o
                0x08004030                USBD_CDC_RegisterInterface
 .text.USBD_CDC_SetTxBuffer
                0x08004040       0x10 ./Middlewares/ST/STM32_USB_Device_Library/Class/CDC/Src/usbd_cdc.o
                0x08004040                USBD_CDC_SetTxBuffer
 .text.USBD_CDC_SetRxBuffer
                0x08004050        0xc ./Middlewares/ST/STM32_USB_Device_Library/Class/CDC/Src/usbd_cdc.o
                0x08004050                USBD_CDC_SetRxBuffer
 .text.USBD_CDC_TransmitPacket
                0x0800405c       0x30 ./Middlewares/ST/STM32_USB_Device_Library/Class/CDC/Src/usbd_cdc.o
                0x0800405c                USBD_CDC_TransmitPacket
 .text.USBD_CDC_ReceivePacket
                0x0800408c       0x1c ./Middlewares/ST/STM32_USB_Device_Library/Class/CDC/Src/usbd_cdc.o
                0x0800408c                USBD_CDC_ReceivePacket
 .text.MSC_BOT_Abort
                0x080040a8       0x38 ./Middlewares/ST/STM32_USB_Device_Library/Class/MSC/Src/usbd_msc_bot.o
 .text.MSC_BOT_SendData
                0x080040e0       0x2c ./Middlewares/ST/STM32_USB_Device_Library/Class/MSC/Src/usbd_msc_bot.o
 .text.MSC_BOT_Init
                0x0800410c       0x40 ./Middlewares/ST/STM32_USB_Device_Library/Class/MSC/Src/usbd_msc_bot.o
                0x0800410c                MSC_BOT_Init
 .text.MSC_BOT_Reset
                0x0800414c       0x18 ./Middlewares/ST/STM32_USB_Device_Library/Class/MSC/Src/usbd_msc_bot.o
                0x0800414c                MSC_BOT_Reset
 .text.MSC_BOT_DeInit
                0x08004164        0xc ./Middlewares/ST/STM32_USB_Device_Library/Class/MSC/Src/usbd_msc_bot.o
                0x08004164                MSC_BOT_DeInit
 .text.MSC_BOT_SendCSW
                0x08004170       0x34 ./Middlewares/ST/STM32_USB_Device_Library/Class/MSC/Src/usbd_msc_bot.o
                0x08004170                MSC_BOT_SendCSW
 .text.MSC_BOT_DataIn
                0x080041a4       0x34 ./Middlewares/ST/STM32_USB_Device_Library/Class/MSC/Src/usbd_msc_bot.o
                0x080041a4                MSC_BOT_DataIn
 .text.MSC_BOT_CBW_Decode
                0x080041d8       0xa4 ./Middlewares/ST/STM32_USB_Device_Library/Class/MSC/Src/usbd_msc_bot.o
 .text.MSC_BOT_DataOut
                0x0800427c       0x34 ./Middlewares/ST/STM32_USB_Device_Library/Class/MSC/Src/usbd_msc_bot.o
                0x0800427c                MSC_BOT_DataOut
 .text.MSC_BOT_CplClrFeature
                0x080042b0       0x2c ./Middlewares/ST/STM32_USB_Device_Library/Class/MSC/Src/usbd_msc_bot.o
                0x080042b0                MSC_BOT_CplClrFeature
 .text.SCSI_Inquiry
                0x080042dc       0x50 ./Middlewares/ST/STM32_USB_Device_Library/Class/MSC/Src/usbd_msc_scsi.o
 .text.SCSI_ModeSense6
                0x0800432c       0x28 ./Middlewares/ST/STM32_USB_Device_Library/Class/MSC/Src/usbd_msc_scsi.o
 .text.SCSI_ModeSense10
                0x08004354       0x28 ./Middlewares/ST/STM32_USB_Device_Library/Class/MSC/Src/usbd_msc_scsi.o
 .text.SCSI_RequestSense
                0x0800437c       0x78 ./Middlewares/ST/STM32_USB_Device_Library/Class/MSC/Src/usbd_msc_scsi.o
 .text.SCSI_StartStopUnit
                0x080043f4        0xc ./Middlewares/ST/STM32_USB_Device_Library/Class/MSC/Src/usbd_msc_scsi.o
 .text.SCSI_SenseCode
                0x08004400       0x34 ./Middlewares/ST/STM32_USB_Device_Library/Class/MSC/Src/usbd_msc_scsi.o
                0x08004400                SCSI_SenseCode
 .text.SCSI_TestUnitReady
                0x08004434       0x48 ./Middlewares/ST/STM32_USB_Device_Library/Class/MSC/Src/usbd_msc_scsi.o
 .text.SCSI_ReadFormatCapacity
                0x0800447c       0x90 ./Middlewares/ST/STM32_USB_Device_Library/Class/MSC/Src/usbd_msc_scsi.o
 .text.SCSI_ReadCapacity10
                0x0800450c       0x74 ./Middlewares/ST/STM32_USB_Device_Library/Class/MSC/Src/usbd_msc_scsi.o
 .text.SCSI_CheckAddressRange
                0x08004580       0x24 ./Middlewares/ST/STM32_USB_Device_Library/Class/MSC/Src/usbd_msc_scsi.o
 .text.SCSI_ProcessRead
                0x080045a4       0x64 ./Middlewares/ST/STM32_USB_Device_Library/Class/MSC/Src/usbd_msc_scsi.o
 .text.SCSI_Read10
                0x08004608       0xd8 ./Middlewares/ST/STM32_USB_Device_Library/Class/MSC/Src/usbd_msc_scsi.o
 .text.SCSI_ProcessWrite
                0x080046e0      0x12c ./Middlewares/ST/STM32_USB_Device_Library/Class/MSC/Src/usbd_msc_scsi.o
 .text.SCSI_Write10
                0x0800480c      0x108 ./Middlewares/ST/STM32_USB_Device_Library/Class/MSC/Src/usbd_msc_scsi.o
 .text.SCSI_Verify10
                0x08004914       0x38 ./Middlewares/ST/STM32_USB_Device_Library/Class/MSC/Src/usbd_msc_scsi.o
 .text.SCSI_ProcessCmd
                0x0800494c       0xc0 ./Middlewares/ST/STM32_USB_Device_Library/Class/MSC/Src/usbd_msc_scsi.o
                0x0800494c                SCSI_ProcessCmd
 .text.USBD_MSC_Init
                0x08004a0c       0x30 ./Middlewares/ST/STM32_USB_Device_Library/Class/MSC/Src/usbd_msc.o
                0x08004a0c                USBD_MSC_Init
 .text.USBD_MSC_DeInit
                0x08004a3c       0x28 ./Middlewares/ST/STM32_USB_Device_Library/Class/MSC/Src/usbd_msc.o
                0x08004a3c                USBD_MSC_DeInit
 .text.USBD_MSC_Setup
                0x08004a64       0xe0 ./Middlewares/ST/STM32_USB_Device_Library/Class/MSC/Src/usbd_msc.o
                0x08004a64                USBD_MSC_Setup
 .text.USBD_MSC_DataIn
                0x08004b44        0xc ./Middlewares/ST/STM32_USB_Device_Library/Class/MSC/Src/usbd_msc.o
                0x08004b44                USBD_MSC_DataIn
 .text.USBD_MSC_DataOut
                0x08004b50        0xc ./Middlewares/ST/STM32_USB_Device_Library/Class/MSC/Src/usbd_msc.o
                0x08004b50                USBD_MSC_DataOut
 .text.USBD_MSC_CDC_GetCfgDesc
                0x08004b5c        0xc ./Middlewares/ST/STM32_USB_Device_Library/Class/MSC_CDC/Src/usbd_msc_cdc.o
 .text.USBD_MSC_CDC_GetDeviceQualifierDesc
                0x08004b68        0xc ./Middlewares/ST/STM32_USB_Device_Library/Class/MSC_CDC/Src/usbd_msc_cdc.o
 .text.USBD_MSC_CDC_DataOut
                0x08004b74       0x14 ./Middlewares/ST/STM32_USB_Device_Library/Class/MSC_CDC/Src/usbd_msc_cdc.o
 .text.USBD_MSC_CDC_DataIn
                0x08004b88       0x14 ./Middlewares/ST/STM32_USB_Device_Library/Class/MSC_CDC/Src/usbd_msc_cdc.o
 .text.USBD_MSC_CDC_EP0_RxReady
                0x08004b9c        0x8 ./Middlewares/ST/STM32_USB_Device_Library/Class/MSC_CDC/Src/usbd_msc_cdc.o
 .text.USBD_MSC_CDC_Setup
                0x08004ba4       0x2c ./Middlewares/ST/STM32_USB_Device_Library/Class/MSC_CDC/Src/usbd_msc_cdc.o
 .text.USBD_MSC_CDC_DeInit
                0x08004bd0       0x18 ./Middlewares/ST/STM32_USB_Device_Library/Class/MSC_CDC/Src/usbd_msc_cdc.o
 .text.USBD_MSC_CDC_Init
                0x08004be8       0x1c ./Middlewares/ST/STM32_USB_Device_Library/Class/MSC_CDC/Src/usbd_msc_cdc.o
 .text.__errno  0x08004c04        0xc /opt/gcc-arm-none-eabi-4_9-2015q3/bin/../lib/gcc/arm-none-eabi/4.9.3/../../../../arm-none-eabi/lib/armv7-m/libg_nano.a(lib_a-errno.o)
                0x08004c04                __errno
 .text.memcpy   0x08004c10       0x16 /opt/gcc-arm-none-eabi-4_9-2015q3/bin/../lib/gcc/arm-none-eabi/4.9.3/../../../../arm-none-eabi/lib/armv7-m/libg_nano.a(lib_a-memcpy.o)
                0x08004c10                memcpy
 .text._vsnprintf_r
                0x08004c26       0x52 /opt/gcc-arm-none-eabi-4_9-2015q3/bin/../lib/gcc/arm-none-eabi/4.9.3/../../../../arm-none-eabi/lib/armv7-m/libg_nano.a(lib_a-vsnprintf.o)
                0x08004c26                _vsnprintf_r
                0x08004c26                _vsniprintf_r
 .text.vsnprintf
                0x08004c78       0x20 /opt/gcc-arm-none-eabi-4_9-2015q3/bin/../lib/gcc/arm-none-eabi/4.9.3/../../../../arm-none-eabi/lib/armv7-m/libg_nano.a(lib_a-vsnprintf.o)
                0x08004c78                vsnprintf
                0x08004c78                vsniprintf
 .text.__ssputs_r
                0x08004c98       0xb2 /opt/gcc-arm-none-eabi-4_9-2015q3/bin/../lib/gcc/arm-none-eabi/4.9.3/../../../../arm-none-eabi/lib/armv7-m/libg_nano.a(lib_a-nano-svfprintf.o)
                0x08004c98                __ssputs_r
 *fill*         0x08004d4a        0x2 
 .text._svfprintf_r
                0x08004d4c      0x1e4 /opt/gcc-arm-none-eabi-4_9-2015q3/bin/../lib/gcc/arm-none-eabi/4.9.3/../../../../arm-none-eabi/lib/armv7-m/libg_nano.a(lib_a-nano-svfprintf.o)
                0x08004d4c                _svfprintf_r
                0x08004d4c                _svfiprintf_r
 .text._printf_common
                0x08004f30       0xea /opt/gcc-arm-none-eabi-4_9-2015q3/bin/../lib/gcc/arm-none-eabi/4.9.3/../../../../arm-none-eabi/lib/armv7-m/libg_nano.a(lib_a-nano-vfprintf_i.o)
                0x08004f30                _printf_common
 *fill*         0x0800501a        0x2 
 .text._printf_i
                0x0800501c      0x240 /opt/gcc-arm-none-eabi-4_9-2015q3/bin/../lib/gcc/arm-none-eabi/4.9.3/../../../../arm-none-eabi/lib/armv7-m/libg_nano.a(lib_a-nano-vfprintf_i.o)
                0x0800501c                _printf_i
 .text.memchr   0x0800525c       0x1c /opt/gcc-arm-none-eabi-4_9-2015q3/bin/../lib/gcc/arm-none-eabi/4.9.3/../../../../arm-none-eabi/lib/armv7-m/libg_nano.a(lib_a-memchr.o)
                0x0800525c                memchr
 .text.memmove  0x08005278       0x36 /opt/gcc-arm-none-eabi-4_9-2015q3/bin/../lib/gcc/arm-none-eabi/4.9.3/../../../../arm-none-eabi/lib/armv7-m/libg_nano.a(lib_a-memmove.o)
                0x08005278                memmove
 *fill*         0x080052ae        0x2 
 .text._free_r  0x080052b0       0x88 /opt/gcc-arm-none-eabi-4_9-2015q3/bin/../lib/gcc/arm-none-eabi/4.9.3/../../../../arm-none-eabi/lib/armv7-m/libg_nano.a(lib_a-nano-freer.o)
                0x080052b0                _free_r
 .text._malloc_r
                0x08005338       0xac /opt/gcc-arm-none-eabi-4_9-2015q3/bin/../lib/gcc/arm-none-eabi/4.9.3/../../../../arm-none-eabi/lib/armv7-m/libg_nano.a(lib_a-nano-mallocr.o)
                0x08005338                _malloc_r
 .text._realloc_r
                0x080053e4       0x4c /opt/gcc-arm-none-eabi-4_9-2015q3/bin/../lib/gcc/arm-none-eabi/4.9.3/../../../../arm-none-eabi/lib/armv7-m/libg_nano.a(lib_a-nano-reallocr.o)
                0x080053e4                _realloc_r
 .text._sbrk_r  0x08005430       0x20 /opt/gcc-arm-none-eabi-4_9-2015q3/bin/../lib/gcc/arm-none-eabi/4.9.3/../../../../arm-none-eabi/lib/armv7-m/libg_nano.a(lib_a-sbrkr.o)
                0x08005430                _sbrk_r
 .text._malloc_usable_size_r
                0x08005450       0x14 /opt/gcc-arm-none-eabi-4_9-2015q3/bin/../lib/gcc/arm-none-eabi/4.9.3/../../../../arm-none-eabi/lib/armv7-m/libg_nano.a(lib_a-nano-msizer.o)
                0x08005450                _malloc_usable_size_r
 *(.rodata .rodata.* .constdata .constdata.*)
 .rodata.str1.4
                0x08005464       0x2f ./system/src/stm32f1xx/stm32f1xx_hal_cortex.o
 *fill*         0x08005493        0x1 
 .rodata.str1.4
                0x08005494       0x2d ./system/src/stm32f1xx/stm32f1xx_hal_gpio.o
 *fill*         0x080054c1        0x3 
 .rodata.str1.4
                0x080054c4       0x2c ./system/src/stm32f1xx/stm32f1xx_hal_pcd.o
 .rodata        0x080054f0       0x12 ./system/src/stm32f1xx/stm32f1xx_hal_rcc.o
 *fill*         0x08005502        0x2 
 .rodata.str1.4
                0x08005504       0x2c ./system/src/stm32f1xx/stm32f1xx_hal_rcc.o
 .rodata.str1.4
                0x08005530       0x2f ./system/src/stm32f1xx/stm32f1xx_hal_rcc_ex.o
 *fill*         0x0800555f        0x1 
 .rodata.str1.4
                0x08005560       0x2d ./system/src/stm32f1xx/stm32f1xx_hal_uart.o
 *fill*         0x0800558d        0x3 
 .rodata.str1.4
                0x08005590      0x146 ./system/src/cortexm/exception_handlers.o
 *fill*         0x080056d6        0x2 
 .rodata.AHBPrescTable
                0x080056d8       0x10 ./system/src/cmsis/system_stm32f1xx.o
                0x080056d8                AHBPrescTable
 .rodata.APBPrescTable
                0x080056e8        0x8 ./system/src/cmsis/system_stm32f1xx.o
                0x080056e8                APBPrescTable
 .rodata.str1.4
                0x080056f0        0xe ./src/main.o
 *fill*         0x080056fe        0x2 
 .rodata.str1.4
                0x08005700       0x13 ./src/usbd_conf.o
 *fill*         0x08005713        0x1 
 .rodata.USBD_LangIDDesc
                0x08005714        0x4 ./src/usbd_desc.o
                0x08005714                USBD_LangIDDesc
 .rodata.USBD_FS_DeviceDesc
                0x08005718       0x12 ./src/usbd_desc.o
                0x08005718                USBD_FS_DeviceDesc
 *fill*         0x0800572a        0x2 
 .rodata.str1.4
                0x0800572c       0x54 ./src/usbd_desc.o
                                 0x52 (size before relaxing)
 .rodata.MSC_Page00_Inquiry_Data
                0x08005780        0x7 ./Middlewares/ST/STM32_USB_Device_Library/Class/MSC/Src/usbd_msc_data.o
                0x08005780                MSC_Page00_Inquiry_Data
 *fill*         0x08005787        0x1 
 .rodata.MSC_Mode_Sense10_data
                0x08005788        0x8 ./Middlewares/ST/STM32_USB_Device_Library/Class/MSC/Src/usbd_msc_data.o
                0x08005788                MSC_Mode_Sense10_data
 .rodata.MSC_Mode_Sense6_data
                0x08005790        0x8 ./Middlewares/ST/STM32_USB_Device_Library/Class/MSC/Src/usbd_msc_data.o
                0x08005790                MSC_Mode_Sense6_data
 .rodata.USBD_MSC_CDC_CfgDesc
                0x08005798       0x62 ./Middlewares/ST/STM32_USB_Device_Library/Class/MSC_CDC/Src/usbd_msc_cdc.o
 .rodata.str1.1
                0x080057fa        0x2 /opt/gcc-arm-none-eabi-4_9-2015q3/bin/../lib/gcc/arm-none-eabi/4.9.3/../../../../arm-none-eabi/lib/armv7-m/libg_nano.a(lib_a-impure.o)
 .rodata.str1.1
                0x080057fc       0x11 /opt/gcc-arm-none-eabi-4_9-2015q3/bin/../lib/gcc/arm-none-eabi/4.9.3/../../../../arm-none-eabi/lib/armv7-m/libg_nano.a(lib_a-nano-svfprintf.o)
 .rodata.str1.1
                0x0800580d       0x22 /opt/gcc-arm-none-eabi-4_9-2015q3/bin/../lib/gcc/arm-none-eabi/4.9.3/../../../../arm-none-eabi/lib/armv7-m/libg_nano.a(lib_a-nano-vfprintf_i.o)
 *(vtable)
 *(.eh_frame*)
 *(.glue_7)
 .glue_7        0x00000000        0x0 linker stubs
 *(.glue_7t)
 .glue_7t       0x00000000        0x0 linker stubs

.vfp11_veneer   0x08005830        0x0
 .vfp11_veneer  0x00000000        0x0 linker stubs

.v4_bx          0x08005830        0x0
 .v4_bx         0x00000000        0x0 linker stubs

.iplt           0x08005830        0x0
 .iplt          0x00000000        0x0 ./system/src/stm32f1xx/stm32f1xx_hal.o

.rel.dyn        0x08005830        0x0
 .rel.iplt      0x00000000        0x0 ./system/src/stm32f1xx/stm32f1xx_hal.o

.ARM.extab
 *(.ARM.extab* .gnu.linkonce.armextab.*)
                0x08005830                . = ALIGN (0x4)
                0x08005830                __exidx_start = .

.ARM.exidx
 *(.ARM.exidx* .gnu.linkonce.armexidx.*)
                0x08005830                __exidx_end = .
                0x08005830                . = ALIGN (0x4)
                0x08005830                _etext = .
                0x08005830                __etext = .

.data_CCMRAM    0x00000000        0x0 load address 0x08005830
 FILL mask 0xff
 *(.data.CCMRAM .data.CCMRAM.*)
                0x00000000                . = ALIGN (0x4)
                0x08005830                _sidata = LOADADDR (.data)

.data           0x20000000       0xe8 load address 0x08005830
 FILL mask 0xff
                0x20000000                _sdata = .
                0x20000000                __data_start__ = .
 *(.data_begin .data_begin.*)
 .data_begin    0x20000000        0x4 ./system/src/newlib/_startup.o
 *(.data .data.*)
 .data.uwTickPrio
                0x20000004        0x4 ./system/src/stm32f1xx/stm32f1xx_hal.o
                0x20000004                uwTickPrio
 .data.uwTickFreq
                0x20000008        0x1 ./system/src/stm32f1xx/stm32f1xx_hal.o
                0x20000008                uwTickFreq
 *fill*         0x20000009        0x3 
 .data.argv.4161
                0x2000000c        0x8 ./system/src/newlib/_syscalls.o
 .data.SystemCoreClock
                0x20000014        0x4 ./system/src/cmsis/system_stm32f1xx.o
                0x20000014                SystemCoreClock
 .data.USBD_Interface_fops_FS
                0x20000018       0x10 ./src/usbd_cdc_if.o
                0x20000018                USBD_Interface_fops_FS
 .data.FS_Desc  0x20000028       0x1c ./src/usbd_desc.o
                0x20000028                FS_Desc
 .data.USBD_MSC_CDC_ClassDriver
                0x20000044       0x30 ./Middlewares/ST/STM32_USB_Device_Library/Class/MSC_CDC/Src/usbd_msc_cdc.o
                0x20000044                USBD_MSC_CDC_ClassDriver
 .data.USBD_MSC_CDC_DeviceQualifierDesc
                0x20000074        0xa ./Middlewares/ST/STM32_USB_Device_Library/Class/MSC_CDC/Src/usbd_msc_cdc.o
 *fill*         0x2000007e        0x2 
 .data.impure_data
                0x20000080       0x60 /opt/gcc-arm-none-eabi-4_9-2015q3/bin/../lib/gcc/arm-none-eabi/4.9.3/../../../../arm-none-eabi/lib/armv7-m/libg_nano.a(lib_a-impure.o)
 .data._impure_ptr
                0x200000e0        0x4 /opt/gcc-arm-none-eabi-4_9-2015q3/bin/../lib/gcc/arm-none-eabi/4.9.3/../../../../arm-none-eabi/lib/armv7-m/libg_nano.a(lib_a-impure.o)
                0x200000e0                _impure_ptr
 *(.data_end .data_end.*)
 .data_end      0x200000e4        0x4 ./system/src/newlib/_startup.o
                0x200000e8                . = ALIGN (0x4)
                0x200000e8                _edata = .
                0x200000e8                __data_end__ = .

.igot.plt       0x200000e8        0x0 load address 0x08005918
 .igot.plt      0x00000000        0x0 ./system/src/stm32f1xx/stm32f1xx_hal.o

.bss_CCMRAM     0x00000000        0x0
 *(.bss.CCMRAM .bss.CCMRAM.*)

.bss            0x200000e8     0x1ae8
                0x200000e8                __bss_start__ = .
                0x200000e8                _sbss = .
 *(.bss_begin .bss_begin.*)
 .bss_begin     0x200000e8        0x4 ./system/src/newlib/_startup.o
 *(.bss .bss.*)
 .bss.current_heap_end.3862
                0x200000ec        0x4 ./system/src/newlib/_sbrk.o
 .bss.name.4160
                0x200000f0        0x1 ./system/src/newlib/_syscalls.o
 *fill*         0x200000f1        0x3 
 .bss.buf.4998  0x200000f4       0x80 ./system/src/diag/Trace.o
 .bss.cfgidx.6528
                0x20000174        0x1 ./Middlewares/ST/STM32_USB_Device_Library/Core/Src/usbd_ctlreq.o
 .bss.ifalt.6531
                0x20000175        0x1 ./Middlewares/ST/STM32_USB_Device_Library/Class/CDC/Src/usbd_cdc.o
 *fill*         0x20000176        0x2 
 .bss.__malloc_sbrk_start
                0x20000178        0x4 /opt/gcc-arm-none-eabi-4_9-2015q3/bin/../lib/gcc/arm-none-eabi/4.9.3/../../../../arm-none-eabi/lib/armv7-m/libg_nano.a(lib_a-nano-mallocr.o)
                0x20000178                __malloc_sbrk_start
 .bss.__malloc_free_list
                0x2000017c        0x4 /opt/gcc-arm-none-eabi-4_9-2015q3/bin/../lib/gcc/arm-none-eabi/4.9.3/../../../../arm-none-eabi/lib/armv7-m/libg_nano.a(lib_a-nano-mallocr.o)
                0x2000017c                __malloc_free_list
 *(COMMON)
 COMMON         0x20000180        0x4 ./system/src/stm32f1xx/stm32f1xx_hal.o
                0x20000180                uwTick
 COMMON         0x20000184        0x4 ./system/src/newlib/_syscalls.o
                0x20000184                errno
 COMMON         0x20000188      0x49c ./src/main.o
                0x20000188                Transfer_cplt
                0x20000189                Rx_indx
                0x2000018c                Rx_data
                0x20000190                receiveData
                0x20000578                hasData
                0x2000057c                huart1
                0x200005bc                idx
                0x200005c0                Rx_Buffer
 COMMON         0x20000624      0x254 ./src/usb_device.o
                0x20000624                hUsbDeviceFS
                0x20000850                SdMscDriver
 COMMON         0x20000878      0x7d0 ./src/usbd_cdc_if.o
                0x20000878                UserRxBufferFS
                0x20000c60                UserTxBufferFS
 COMMON         0x20001048      0x460 ./src/usbd_conf.o
                0x20001048                hpcd_USB_FS
 COMMON         0x200014a8       0x80 ./src/usbd_desc.o
                0x200014a8                USBD_StrDesc
 COMMON         0x20001528      0x21c ./Middlewares/ST/STM32_USB_Device_Library/Class/CDC/Src/usbd_cdc.o
                0x20001528                cdcInstance
 COMMON         0x20001744      0x488 ./Middlewares/ST/STM32_USB_Device_Library/Class/MSC/Src/usbd_msc.o
                0x20001744                mscObject
 *(.bss_end .bss_end.*)
 .bss_end       0x20001bcc        0x4 ./system/src/newlib/_startup.o
                0x20001bd0                . = ALIGN (0x4)
                0x20001bd0                __bss_end__ = .
                0x20001bd0                _ebss = .

.noinit_CCMRAM
 *(.noinit.CCMRAM .noinit.CCMRAM.*)

.noinit         0x20001bd0        0x0
                0x20001bd0                _noinit = .
 *(.noinit .noinit.*)
                0x20001bd0                . = ALIGN (0x4)
                0x20001bd0                _end_noinit = .
                0x20001bd0                PROVIDE (end, _end_noinit)
                0x20001bd0                PROVIDE (_end, _end_noinit)
                0x20001bd0                PROVIDE (__end, _end_noinit)
                0x20001bd0                PROVIDE (__end__, _end_noinit)

._check_stack   0x20001bd0      0x100
                0x20001cd0                . = (. + _Minimum_Stack_Size)
 *fill*         0x20001bd0      0x100 

.b1text
 *(.b1text)
 *(.b1rodata)
 *(.b1rodata.*)

.eb0text
 *(.eb0text)
 *(.eb0rodata)
 *(.eb0rodata.*)

.eb1text
 *(.eb1text)
 *(.eb1rodata)
 *(.eb1rodata.*)

.eb2text
 *(.eb2text)
 *(.eb2rodata)
 *(.eb2rodata.*)

.eb3text
 *(.eb3text)
 *(.eb3rodata)
 *(.eb3rodata.*)

.stab
 *(.stab)

.stabstr
 *(.stabstr)

.stab.excl
 *(.stab.excl)

.stab.exclstr
 *(.stab.exclstr)

.stab.index
 *(.stab.index)

.stab.indexstr
 *(.stab.indexstr)

.comment        0x00000000       0x70
 *(.comment)
 .comment       0x00000000       0x70 ./system/src/stm32f1xx/stm32f1xx_hal.o
                                 0x71 (size before relaxing)
 .comment       0x00000000       0x71 ./system/src/stm32f1xx/stm32f1xx_hal_cortex.o
 .comment       0x00000000       0x71 ./system/src/stm32f1xx/stm32f1xx_hal_dma.o
 .comment       0x00000000       0x71 ./system/src/stm32f1xx/stm32f1xx_hal_gpio.o
 .comment       0x00000000       0x71 ./system/src/stm32f1xx/stm32f1xx_hal_pcd.o
 .comment       0x00000000       0x71 ./system/src/stm32f1xx/stm32f1xx_hal_pcd_ex.o
 .comment       0x00000000       0x71 ./system/src/stm32f1xx/stm32f1xx_hal_rcc.o
 .comment       0x00000000       0x71 ./system/src/stm32f1xx/stm32f1xx_hal_rcc_ex.o
 .comment       0x00000000       0x71 ./system/src/stm32f1xx/stm32f1xx_hal_uart.o
 .comment       0x00000000       0x71 ./system/src/stm32f1xx/stm32f1xx_ll_usb.o
 .comment       0x00000000       0x71 ./system/src/newlib/_exit.o
 .comment       0x00000000       0x71 ./system/src/newlib/_sbrk.o
 .comment       0x00000000       0x71 ./system/src/newlib/_startup.o
 .comment       0x00000000       0x71 ./system/src/newlib/_syscalls.o
 .comment       0x00000000       0x71 ./system/src/diag/Trace.o
 .comment       0x00000000       0x71 ./system/src/diag/trace_impl.o
 .comment       0x00000000       0x71 ./system/src/cortexm/_initialize_hardware.o
 .comment       0x00000000       0x71 ./system/src/cortexm/exception_handlers.o
 .comment       0x00000000       0x71 ./system/src/cmsis/system_stm32f1xx.o
 .comment       0x00000000       0x71 ./src/main.o
 .comment       0x00000000       0x71 ./src/stm32f1xx_hal_msp.o
 .comment       0x00000000       0x71 ./src/stm32f1xx_it.o
 .comment       0x00000000       0x71 ./src/usb_device.o
 .comment       0x00000000       0x71 ./src/usbd_cdc_if.o
 .comment       0x00000000       0x71 ./src/usbd_conf.o
 .comment       0x00000000       0x71 ./src/usbd_desc.o
 .comment       0x00000000       0x71 ./Middlewares/ST/STM32_USB_Device_Library/Core/Src/usbd_core.o
 .comment       0x00000000       0x71 ./Middlewares/ST/STM32_USB_Device_Library/Core/Src/usbd_ctlreq.o
 .comment       0x00000000       0x71 ./Middlewares/ST/STM32_USB_Device_Library/Core/Src/usbd_ioreq.o
 .comment       0x00000000       0x71 ./Middlewares/ST/STM32_USB_Device_Library/Class/CDC/Src/usbd_cdc.o
 .comment       0x00000000       0x71 ./Middlewares/ST/STM32_USB_Device_Library/Class/MSC/Src/usbd_msc_bot.o
 .comment       0x00000000       0x71 ./Middlewares/ST/STM32_USB_Device_Library/Class/MSC/Src/usbd_msc_data.o
 .comment       0x00000000       0x71 ./Middlewares/ST/STM32_USB_Device_Library/Class/MSC/Src/usbd_msc_scsi.o
 .comment       0x00000000       0x71 ./Middlewares/ST/STM32_USB_Device_Library/Class/MSC/Src/usbd_msc.o
 .comment       0x00000000       0x71 ./Middlewares/ST/STM32_USB_Device_Library/Class/MSC_CDC/Src/usbd_msc_cdc.o

.ARM.attributes
                0x00000000       0x31
 .ARM.attributes
                0x00000000       0x33 ./system/src/stm32f1xx/stm32f1xx_hal.o
 .ARM.attributes
                0x00000033       0x33 ./system/src/stm32f1xx/stm32f1xx_hal_cortex.o
 .ARM.attributes
                0x00000066       0x33 ./system/src/stm32f1xx/stm32f1xx_hal_dma.o
 .ARM.attributes
                0x00000099       0x33 ./system/src/stm32f1xx/stm32f1xx_hal_gpio.o
 .ARM.attributes
                0x000000cc       0x33 ./system/src/stm32f1xx/stm32f1xx_hal_pcd.o
 .ARM.attributes
                0x000000ff       0x33 ./system/src/stm32f1xx/stm32f1xx_hal_pcd_ex.o
 .ARM.attributes
                0x00000132       0x33 ./system/src/stm32f1xx/stm32f1xx_hal_rcc.o
 .ARM.attributes
                0x00000165       0x33 ./system/src/stm32f1xx/stm32f1xx_hal_rcc_ex.o
 .ARM.attributes
                0x00000198       0x33 ./system/src/stm32f1xx/stm32f1xx_hal_uart.o
 .ARM.attributes
                0x000001cb       0x33 ./system/src/stm32f1xx/stm32f1xx_ll_usb.o
 .ARM.attributes
                0x000001fe       0x33 ./system/src/newlib/_exit.o
 .ARM.attributes
                0x00000231       0x33 ./system/src/newlib/_sbrk.o
 .ARM.attributes
                0x00000264       0x33 ./system/src/newlib/_startup.o
 .ARM.attributes
                0x00000297       0x33 ./system/src/newlib/_syscalls.o
 .ARM.attributes
                0x000002ca       0x33 ./system/src/diag/Trace.o
 .ARM.attributes
                0x000002fd       0x33 ./system/src/diag/trace_impl.o
 .ARM.attributes
                0x00000330       0x33 ./system/src/cortexm/_initialize_hardware.o
 .ARM.attributes
                0x00000363       0x33 ./system/src/cortexm/exception_handlers.o
 .ARM.attributes
                0x00000396       0x21 ./system/src/cmsis/startup_stm32f103xb.o
 .ARM.attributes
                0x000003b7       0x33 ./system/src/cmsis/system_stm32f1xx.o
 .ARM.attributes
                0x000003ea       0x33 ./src/main.o
 .ARM.attributes
                0x0000041d       0x33 ./src/stm32f1xx_hal_msp.o
 .ARM.attributes
                0x00000450       0x33 ./src/stm32f1xx_it.o
 .ARM.attributes
                0x00000483       0x33 ./src/usb_device.o
 .ARM.attributes
                0x000004b6       0x33 ./src/usbd_cdc_if.o
 .ARM.attributes
                0x000004e9       0x33 ./src/usbd_conf.o
 .ARM.attributes
                0x0000051c       0x33 ./src/usbd_desc.o
 .ARM.attributes
                0x0000054f       0x33 ./Middlewares/ST/STM32_USB_Device_Library/Core/Src/usbd_core.o
 .ARM.attributes
                0x00000582       0x33 ./Middlewares/ST/STM32_USB_Device_Library/Core/Src/usbd_ctlreq.o
 .ARM.attributes
                0x000005b5       0x33 ./Middlewares/ST/STM32_USB_Device_Library/Core/Src/usbd_ioreq.o
 .ARM.attributes
                0x000005e8       0x33 ./Middlewares/ST/STM32_USB_Device_Library/Class/CDC/Src/usbd_cdc.o
 .ARM.attributes
                0x0000061b       0x33 ./Middlewares/ST/STM32_USB_Device_Library/Class/MSC/Src/usbd_msc_bot.o
 .ARM.attributes
                0x0000064e       0x33 ./Middlewares/ST/STM32_USB_Device_Library/Class/MSC/Src/usbd_msc_data.o
 .ARM.attributes
                0x00000681       0x33 ./Middlewares/ST/STM32_USB_Device_Library/Class/MSC/Src/usbd_msc_scsi.o
 .ARM.attributes
                0x000006b4       0x33 ./Middlewares/ST/STM32_USB_Device_Library/Class/MSC/Src/usbd_msc.o
 .ARM.attributes
                0x000006e7       0x33 ./Middlewares/ST/STM32_USB_Device_Library/Class/MSC_CDC/Src/usbd_msc_cdc.o
 .ARM.attributes
                0x0000071a       0x2d /opt/gcc-arm-none-eabi-4_9-2015q3/bin/../lib/gcc/arm-none-eabi/4.9.3/../../../../arm-none-eabi/lib/armv7-m/libg_nano.a(lib_a-errno.o)
 .ARM.attributes
                0x00000747       0x2d /opt/gcc-arm-none-eabi-4_9-2015q3/bin/../lib/gcc/arm-none-eabi/4.9.3/../../../../arm-none-eabi/lib/armv7-m/libg_nano.a(lib_a-impure.o)
 .ARM.attributes
                0x00000774       0x2d /opt/gcc-arm-none-eabi-4_9-2015q3/bin/../lib/gcc/arm-none-eabi/4.9.3/../../../../arm-none-eabi/lib/armv7-m/libg_nano.a(lib_a-memcpy.o)
 .ARM.attributes
                0x000007a1       0x2d /opt/gcc-arm-none-eabi-4_9-2015q3/bin/../lib/gcc/arm-none-eabi/4.9.3/../../../../arm-none-eabi/lib/armv7-m/libg_nano.a(lib_a-vsnprintf.o)
 .ARM.attributes
                0x000007ce       0x2d /opt/gcc-arm-none-eabi-4_9-2015q3/bin/../lib/gcc/arm-none-eabi/4.9.3/../../../../arm-none-eabi/lib/armv7-m/libg_nano.a(lib_a-nano-svfprintf.o)
 .ARM.attributes
                0x000007fb       0x2d /opt/gcc-arm-none-eabi-4_9-2015q3/bin/../lib/gcc/arm-none-eabi/4.9.3/../../../../arm-none-eabi/lib/armv7-m/libg_nano.a(lib_a-nano-vfprintf_i.o)
 .ARM.attributes
                0x00000828       0x2d /opt/gcc-arm-none-eabi-4_9-2015q3/bin/../lib/gcc/arm-none-eabi/4.9.3/../../../../arm-none-eabi/lib/armv7-m/libg_nano.a(lib_a-memchr.o)
 .ARM.attributes
                0x00000855       0x2d /opt/gcc-arm-none-eabi-4_9-2015q3/bin/../lib/gcc/arm-none-eabi/4.9.3/../../../../arm-none-eabi/lib/armv7-m/libg_nano.a(lib_a-memmove.o)
 .ARM.attributes
                0x00000882       0x2d /opt/gcc-arm-none-eabi-4_9-2015q3/bin/../lib/gcc/arm-none-eabi/4.9.3/../../../../arm-none-eabi/lib/armv7-m/libg_nano.a(lib_a-nano-freer.o)
 .ARM.attributes
                0x000008af       0x2d /opt/gcc-arm-none-eabi-4_9-2015q3/bin/../lib/gcc/arm-none-eabi/4.9.3/../../../../arm-none-eabi/lib/armv7-m/libg_nano.a(lib_a-nano-mallocr.o)
 .ARM.attributes
                0x000008dc       0x2d /opt/gcc-arm-none-eabi-4_9-2015q3/bin/../lib/gcc/arm-none-eabi/4.9.3/../../../../arm-none-eabi/lib/armv7-m/libg_nano.a(lib_a-nano-reallocr.o)
 .ARM.attributes
                0x00000909       0x2d /opt/gcc-arm-none-eabi-4_9-2015q3/bin/../lib/gcc/arm-none-eabi/4.9.3/../../../../arm-none-eabi/lib/armv7-m/libg_nano.a(lib_a-sbrkr.o)
 .ARM.attributes
                0x00000936       0x2d /opt/gcc-arm-none-eabi-4_9-2015q3/bin/../lib/gcc/arm-none-eabi/4.9.3/../../../../arm-none-eabi/lib/armv7-m/libg_nano.a(lib_a-nano-msizer.o)

.debug
 *(.debug)

.line
 *(.line)

.debug_srcinfo
 *(.debug_srcinfo)

.debug_sfnames
 *(.debug_sfnames)

.debug_aranges  0x00000000      0xfd8
 *(.debug_aranges)
 .debug_aranges
                0x00000000       0xd0 ./system/src/stm32f1xx/stm32f1xx_hal.o
 .debug_aranges
                0x000000d0       0x90 ./system/src/stm32f1xx/stm32f1xx_hal_cortex.o
 .debug_aranges
                0x00000160       0x80 ./system/src/stm32f1xx/stm32f1xx_hal_dma.o
 .debug_aranges
                0x000001e0       0x58 ./system/src/stm32f1xx/stm32f1xx_hal_gpio.o
 .debug_aranges
                0x00000238      0x120 ./system/src/stm32f1xx/stm32f1xx_hal_pcd.o
 .debug_aranges
                0x00000358       0x28 ./system/src/stm32f1xx/stm32f1xx_hal_pcd_ex.o
 .debug_aranges
                0x00000380       0x90 ./system/src/stm32f1xx/stm32f1xx_hal_rcc.o
 .debug_aranges
                0x00000410       0x30 ./system/src/stm32f1xx/stm32f1xx_hal_rcc_ex.o
 .debug_aranges
                0x00000440      0x1d0 ./system/src/stm32f1xx/stm32f1xx_hal_uart.o
 .debug_aranges
                0x00000610      0x100 ./system/src/stm32f1xx/stm32f1xx_ll_usb.o
 .debug_aranges
                0x00000710       0x28 ./system/src/newlib/_exit.o
 .debug_aranges
                0x00000738       0x20 ./system/src/newlib/_sbrk.o
 .debug_aranges
                0x00000758       0x40 ./system/src/newlib/_startup.o
 .debug_aranges
                0x00000798       0x30 ./system/src/newlib/_syscalls.o
 .debug_aranges
                0x000007c8       0x38 ./system/src/diag/Trace.o
 .debug_aranges
                0x00000800       0x30 ./system/src/diag/trace_impl.o
 .debug_aranges
                0x00000830       0x28 ./system/src/cortexm/_initialize_hardware.o
 .debug_aranges
                0x00000858       0x90 ./system/src/cortexm/exception_handlers.o
 .debug_aranges
                0x000008e8       0x28 ./system/src/cmsis/startup_stm32f103xb.o
 .debug_aranges
                0x00000910       0x28 ./system/src/cmsis/system_stm32f1xx.o
 .debug_aranges
                0x00000938       0x50 ./src/main.o
 .debug_aranges
                0x00000988       0x30 ./src/stm32f1xx_hal_msp.o
 .debug_aranges
                0x000009b8       0x70 ./src/stm32f1xx_it.o
 .debug_aranges
                0x00000a28       0x20 ./src/usb_device.o
 .debug_aranges
                0x00000a48       0x40 ./src/usbd_cdc_if.o
 .debug_aranges
                0x00000a88      0x110 ./src/usbd_conf.o
 .debug_aranges
                0x00000b98       0x50 ./src/usbd_desc.o
 .debug_aranges
                0x00000be8       0xb8 ./Middlewares/ST/STM32_USB_Device_Library/Core/Src/usbd_core.o
 .debug_aranges
                0x00000ca0       0x88 ./Middlewares/ST/STM32_USB_Device_Library/Core/Src/usbd_ctlreq.o
 .debug_aranges
                0x00000d28       0x50 ./Middlewares/ST/STM32_USB_Device_Library/Core/Src/usbd_ioreq.o
 .debug_aranges
                0x00000d78       0x80 ./Middlewares/ST/STM32_USB_Device_Library/Class/CDC/Src/usbd_cdc.o
 .debug_aranges
                0x00000df8       0x68 ./Middlewares/ST/STM32_USB_Device_Library/Class/MSC/Src/usbd_msc_bot.o
 .debug_aranges
                0x00000e60       0x18 ./Middlewares/ST/STM32_USB_Device_Library/Class/MSC/Src/usbd_msc_data.o
 .debug_aranges
                0x00000e78       0xa8 ./Middlewares/ST/STM32_USB_Device_Library/Class/MSC/Src/usbd_msc_scsi.o
 .debug_aranges
                0x00000f20       0x58 ./Middlewares/ST/STM32_USB_Device_Library/Class/MSC/Src/usbd_msc.o
 .debug_aranges
                0x00000f78       0x60 ./Middlewares/ST/STM32_USB_Device_Library/Class/MSC_CDC/Src/usbd_msc_cdc.o

.debug_pubnames
 *(.debug_pubnames)

.debug_info     0x00000000    0x1861f
 *(.debug_info .gnu.linkonce.wi.*)
 .debug_info    0x00000000      0x790 ./system/src/stm32f1xx/stm32f1xx_hal.o
 .debug_info    0x00000790      0xd76 ./system/src/stm32f1xx/stm32f1xx_hal_cortex.o
 .debug_info    0x00001506      0x8ff ./system/src/stm32f1xx/stm32f1xx_hal_dma.o
 .debug_info    0x00001e05      0x803 ./system/src/stm32f1xx/stm32f1xx_hal_gpio.o
 .debug_info    0x00002608     0x12c2 ./system/src/stm32f1xx/stm32f1xx_hal_pcd.o
 .debug_info    0x000038ca      0x57b ./system/src/stm32f1xx/stm32f1xx_hal_pcd_ex.o
 .debug_info    0x00003e45      0xcd7 ./system/src/stm32f1xx/stm32f1xx_hal_rcc.o
 .debug_info    0x00004b1c      0x4a8 ./system/src/stm32f1xx/stm32f1xx_hal_rcc_ex.o
 .debug_info    0x00004fc4     0x1890 ./system/src/stm32f1xx/stm32f1xx_hal_uart.o
 .debug_info    0x00006854      0xed0 ./system/src/stm32f1xx/stm32f1xx_ll_usb.o
 .debug_info    0x00007724      0x100 ./system/src/newlib/_exit.o
 .debug_info    0x00007824      0x125 ./system/src/newlib/_sbrk.o
 .debug_info    0x00007949      0x475 ./system/src/newlib/_startup.o
 .debug_info    0x00007dbe      0x1bc ./system/src/newlib/_syscalls.o
 .debug_info    0x00007f7a      0x32b ./system/src/diag/Trace.o
 .debug_info    0x000082a5      0x305 ./system/src/diag/trace_impl.o
 .debug_info    0x000085aa      0x294 ./system/src/cortexm/_initialize_hardware.o
 .debug_info    0x0000883e      0x8d8 ./system/src/cortexm/exception_handlers.o
 .debug_info    0x00009116       0x81 ./system/src/cmsis/startup_stm32f103xb.o
 .debug_info    0x00009197      0x39e ./system/src/cmsis/system_stm32f1xx.o
 .debug_info    0x00009535      0xc8d ./src/main.o
 .debug_info    0x0000a1c2      0xa8b ./src/stm32f1xx_hal_msp.o
 .debug_info    0x0000ac4d      0xa53 ./src/stm32f1xx_it.o
 .debug_info    0x0000b6a0      0xedd ./src/usb_device.o
 .debug_info    0x0000c57d     0x1125 ./src/usbd_cdc_if.o
 .debug_info    0x0000d6a2     0x1b20 ./src/usbd_conf.o
 .debug_info    0x0000f1c2      0x446 ./src/usbd_desc.o
 .debug_info    0x0000f608     0x1153 ./Middlewares/ST/STM32_USB_Device_Library/Core/Src/usbd_core.o
 .debug_info    0x0001075b     0x128b ./Middlewares/ST/STM32_USB_Device_Library/Core/Src/usbd_ctlreq.o
 .debug_info    0x000119e6      0xbd6 ./Middlewares/ST/STM32_USB_Device_Library/Core/Src/usbd_ioreq.o
 .debug_info    0x000125bc     0x109f ./Middlewares/ST/STM32_USB_Device_Library/Class/CDC/Src/usbd_cdc.o
 .debug_info    0x0001365b     0x1282 ./Middlewares/ST/STM32_USB_Device_Library/Class/MSC/Src/usbd_msc_bot.o
 .debug_info    0x000148dd       0xf0 ./Middlewares/ST/STM32_USB_Device_Library/Class/MSC/Src/usbd_msc_data.o
 .debug_info    0x000149cd     0x18d4 ./Middlewares/ST/STM32_USB_Device_Library/Class/MSC/Src/usbd_msc_scsi.o
 .debug_info    0x000162a1     0x11b6 ./Middlewares/ST/STM32_USB_Device_Library/Class/MSC/Src/usbd_msc.o
 .debug_info    0x00017457     0x11c8 ./Middlewares/ST/STM32_USB_Device_Library/Class/MSC_CDC/Src/usbd_msc_cdc.o

.debug_abbrev   0x00000000     0x464b
 *(.debug_abbrev)
 .debug_abbrev  0x00000000      0x219 ./system/src/stm32f1xx/stm32f1xx_hal.o
 .debug_abbrev  0x00000219      0x2d7 ./system/src/stm32f1xx/stm32f1xx_hal_cortex.o
 .debug_abbrev  0x000004f0      0x221 ./system/src/stm32f1xx/stm32f1xx_hal_dma.o
 .debug_abbrev  0x00000711      0x209 ./system/src/stm32f1xx/stm32f1xx_hal_gpio.o
 .debug_abbrev  0x0000091a      0x2bd ./system/src/stm32f1xx/stm32f1xx_hal_pcd.o
 .debug_abbrev  0x00000bd7      0x16c ./system/src/stm32f1xx/stm32f1xx_hal_pcd_ex.o
 .debug_abbrev  0x00000d43      0x295 ./system/src/stm32f1xx/stm32f1xx_hal_rcc.o
 .debug_abbrev  0x00000fd8      0x1f6 ./system/src/stm32f1xx/stm32f1xx_hal_rcc_ex.o
 .debug_abbrev  0x000011ce      0x26e ./system/src/stm32f1xx/stm32f1xx_hal_uart.o
 .debug_abbrev  0x0000143c      0x1c4 ./system/src/stm32f1xx/stm32f1xx_ll_usb.o
 .debug_abbrev  0x00001600       0xa4 ./system/src/newlib/_exit.o
 .debug_abbrev  0x000016a4       0xbb ./system/src/newlib/_sbrk.o
 .debug_abbrev  0x0000175f      0x1e9 ./system/src/newlib/_startup.o
 .debug_abbrev  0x00001948       0xee ./system/src/newlib/_syscalls.o
 .debug_abbrev  0x00001a36      0x178 ./system/src/diag/Trace.o
 .debug_abbrev  0x00001bae      0x1bd ./system/src/diag/trace_impl.o
 .debug_abbrev  0x00001d6b       0xea ./system/src/cortexm/_initialize_hardware.o
 .debug_abbrev  0x00001e55      0x23e ./system/src/cortexm/exception_handlers.o
 .debug_abbrev  0x00002093       0x12 ./system/src/cmsis/startup_stm32f103xb.o
 .debug_abbrev  0x000020a5      0x123 ./system/src/cmsis/system_stm32f1xx.o
 .debug_abbrev  0x000021c8      0x254 ./src/main.o
 .debug_abbrev  0x0000241c      0x1aa ./src/stm32f1xx_hal_msp.o
 .debug_abbrev  0x000025c6      0x1d1 ./src/stm32f1xx_it.o
 .debug_abbrev  0x00002797      0x217 ./src/usb_device.o
 .debug_abbrev  0x000029ae      0x2b2 ./src/usbd_cdc_if.o
 .debug_abbrev  0x00002c60      0x2e4 ./src/usbd_conf.o
 .debug_abbrev  0x00002f44      0x156 ./src/usbd_desc.o
 .debug_abbrev  0x0000309a      0x27b ./Middlewares/ST/STM32_USB_Device_Library/Core/Src/usbd_core.o
 .debug_abbrev  0x00003315      0x2e5 ./Middlewares/ST/STM32_USB_Device_Library/Core/Src/usbd_ctlreq.o
 .debug_abbrev  0x000035fa      0x1d1 ./Middlewares/ST/STM32_USB_Device_Library/Core/Src/usbd_ioreq.o
 .debug_abbrev  0x000037cb      0x29c ./Middlewares/ST/STM32_USB_Device_Library/Class/CDC/Src/usbd_cdc.o
 .debug_abbrev  0x00003a67      0x2d4 ./Middlewares/ST/STM32_USB_Device_Library/Class/MSC/Src/usbd_msc_bot.o
 .debug_abbrev  0x00003d3b       0x6b ./Middlewares/ST/STM32_USB_Device_Library/Class/MSC/Src/usbd_msc_data.o
 .debug_abbrev  0x00003da6      0x37d ./Middlewares/ST/STM32_USB_Device_Library/Class/MSC/Src/usbd_msc_scsi.o
 .debug_abbrev  0x00004123      0x2bf ./Middlewares/ST/STM32_USB_Device_Library/Class/MSC/Src/usbd_msc.o
 .debug_abbrev  0x000043e2      0x269 ./Middlewares/ST/STM32_USB_Device_Library/Class/MSC_CDC/Src/usbd_msc_cdc.o

.debug_line     0x00000000     0xd253
 *(.debug_line)
 .debug_line    0x00000000      0x675 ./system/src/stm32f1xx/stm32f1xx_hal.o
 .debug_line    0x00000675      0x6a4 ./system/src/stm32f1xx/stm32f1xx_hal_cortex.o
 .debug_line    0x00000d19      0x8d9 ./system/src/stm32f1xx/stm32f1xx_hal_dma.o
 .debug_line    0x000015f2      0x75b ./system/src/stm32f1xx/stm32f1xx_hal_gpio.o
 .debug_line    0x00001d4d      0x951 ./system/src/stm32f1xx/stm32f1xx_hal_pcd.o
 .debug_line    0x0000269e      0x4e3 ./system/src/stm32f1xx/stm32f1xx_hal_pcd_ex.o
 .debug_line    0x00002b81      0x919 ./system/src/stm32f1xx/stm32f1xx_hal_rcc.o
 .debug_line    0x0000349a      0x5b7 ./system/src/stm32f1xx/stm32f1xx_hal_rcc_ex.o
 .debug_line    0x00003a51      0xe6c ./system/src/stm32f1xx/stm32f1xx_hal_uart.o
 .debug_line    0x000048bd      0x8d2 ./system/src/stm32f1xx/stm32f1xx_ll_usb.o
 .debug_line    0x0000518f      0x273 ./system/src/newlib/_exit.o
 .debug_line    0x00005402      0x220 ./system/src/newlib/_sbrk.o
 .debug_line    0x00005622      0x2de ./system/src/newlib/_startup.o
 .debug_line    0x00005900      0x337 ./system/src/newlib/_syscalls.o
 .debug_line    0x00005c37      0x2d0 ./system/src/diag/Trace.o
 .debug_line    0x00005f07      0x389 ./system/src/diag/trace_impl.o
 .debug_line    0x00006290      0x190 ./system/src/cortexm/_initialize_hardware.o
 .debug_line    0x00006420      0x442 ./system/src/cortexm/exception_handlers.o
 .debug_line    0x00006862       0x86 ./system/src/cmsis/startup_stm32f103xb.o
 .debug_line    0x000068e8      0x198 ./system/src/cmsis/system_stm32f1xx.o
 .debug_line    0x00006a80      0x625 ./src/main.o
 .debug_line    0x000070a5      0x4f3 ./src/stm32f1xx_hal_msp.o
 .debug_line    0x00007598      0x57b ./src/stm32f1xx_it.o
 .debug_line    0x00007b13      0x665 ./src/usb_device.o
 .debug_line    0x00008178      0x5e0 ./src/usbd_cdc_if.o
 .debug_line    0x00008758      0x7eb ./src/usbd_conf.o
 .debug_line    0x00008f43      0x5ba ./src/usbd_desc.o
 .debug_line    0x000094fd      0x725 ./Middlewares/ST/STM32_USB_Device_Library/Core/Src/usbd_core.o
 .debug_line    0x00009c22      0x71c ./Middlewares/ST/STM32_USB_Device_Library/Core/Src/usbd_ctlreq.o
 .debug_line    0x0000a33e      0x5d2 ./Middlewares/ST/STM32_USB_Device_Library/Core/Src/usbd_ioreq.o
 .debug_line    0x0000a910      0x6d0 ./Middlewares/ST/STM32_USB_Device_Library/Class/CDC/Src/usbd_cdc.o
 .debug_line    0x0000afe0      0x6c5 ./Middlewares/ST/STM32_USB_Device_Library/Class/MSC/Src/usbd_msc_bot.o
 .debug_line    0x0000b6a5      0x5bb ./Middlewares/ST/STM32_USB_Device_Library/Class/MSC/Src/usbd_msc_data.o
 .debug_line    0x0000bc60      0x841 ./Middlewares/ST/STM32_USB_Device_Library/Class/MSC/Src/usbd_msc_scsi.o
 .debug_line    0x0000c4a1      0x691 ./Middlewares/ST/STM32_USB_Device_Library/Class/MSC/Src/usbd_msc.o
 .debug_line    0x0000cb32      0x721 ./Middlewares/ST/STM32_USB_Device_Library/Class/MSC_CDC/Src/usbd_msc_cdc.o

.debug_frame    0x00000000     0x283c
 *(.debug_frame)
 .debug_frame   0x00000000      0x1ac ./system/src/stm32f1xx/stm32f1xx_hal.o
 .debug_frame   0x000001ac      0x164 ./system/src/stm32f1xx/stm32f1xx_hal_cortex.o
 .debug_frame   0x00000310      0x150 ./system/src/stm32f1xx/stm32f1xx_hal_dma.o
 .debug_frame   0x00000460       0xf8 ./system/src/stm32f1xx/stm32f1xx_hal_gpio.o
 .debug_frame   0x00000558      0x308 ./system/src/stm32f1xx/stm32f1xx_hal_pcd.o
 .debug_frame   0x00000860       0x3c ./system/src/stm32f1xx/stm32f1xx_hal_pcd_ex.o
 .debug_frame   0x0000089c      0x184 ./system/src/stm32f1xx/stm32f1xx_hal_rcc.o
 .debug_frame   0x00000a20       0x68 ./system/src/stm32f1xx/stm32f1xx_hal_rcc_ex.o
 .debug_frame   0x00000a88      0x50c ./system/src/stm32f1xx/stm32f1xx_hal_uart.o
 .debug_frame   0x00000f94      0x230 ./system/src/stm32f1xx/stm32f1xx_ll_usb.o
 .debug_frame   0x000011c4       0x38 ./system/src/newlib/_exit.o
 .debug_frame   0x000011fc       0x28 ./system/src/newlib/_sbrk.o
 .debug_frame   0x00001224       0x7c ./system/src/newlib/_startup.o
 .debug_frame   0x000012a0       0x50 ./system/src/newlib/_syscalls.o
 .debug_frame   0x000012f0       0x94 ./system/src/diag/Trace.o
 .debug_frame   0x00001384       0x60 ./system/src/diag/trace_impl.o
 .debug_frame   0x000013e4       0x40 ./system/src/cortexm/_initialize_hardware.o
 .debug_frame   0x00001424      0x158 ./system/src/cortexm/exception_handlers.o
 .debug_frame   0x0000157c       0x30 ./system/src/cmsis/system_stm32f1xx.o
 .debug_frame   0x000015ac       0xac ./src/main.o
 .debug_frame   0x00001658       0x6c ./src/stm32f1xx_hal_msp.o
 .debug_frame   0x000016c4       0xd8 ./src/stm32f1xx_it.o
 .debug_frame   0x0000179c       0x28 ./src/usb_device.o
 .debug_frame   0x000017c4       0x80 ./src/usbd_cdc_if.o
 .debug_frame   0x00001844      0x2e0 ./src/usbd_conf.o
 .debug_frame   0x00001b24       0xa8 ./src/usbd_desc.o
 .debug_frame   0x00001bcc      0x1c4 ./Middlewares/ST/STM32_USB_Device_Library/Core/Src/usbd_core.o
 .debug_frame   0x00001d90      0x178 ./Middlewares/ST/STM32_USB_Device_Library/Core/Src/usbd_ctlreq.o
 .debug_frame   0x00001f08       0xc0 ./Middlewares/ST/STM32_USB_Device_Library/Core/Src/usbd_ioreq.o
 .debug_frame   0x00001fc8      0x124 ./Middlewares/ST/STM32_USB_Device_Library/Class/CDC/Src/usbd_cdc.o
 .debug_frame   0x000020ec      0x108 ./Middlewares/ST/STM32_USB_Device_Library/Class/MSC/Src/usbd_msc_bot.o
 .debug_frame   0x000021f4      0x204 ./Middlewares/ST/STM32_USB_Device_Library/Class/MSC/Src/usbd_msc_scsi.o
 .debug_frame   0x000023f8       0xc0 ./Middlewares/ST/STM32_USB_Device_Library/Class/MSC/Src/usbd_msc.o
 .debug_frame   0x000024b8       0xd8 ./Middlewares/ST/STM32_USB_Device_Library/Class/MSC_CDC/Src/usbd_msc_cdc.o
 .debug_frame   0x00002590       0x20 /opt/gcc-arm-none-eabi-4_9-2015q3/bin/../lib/gcc/arm-none-eabi/4.9.3/../../../../arm-none-eabi/lib/armv7-m/libg_nano.a(lib_a-errno.o)
 .debug_frame   0x000025b0       0x28 /opt/gcc-arm-none-eabi-4_9-2015q3/bin/../lib/gcc/arm-none-eabi/4.9.3/../../../../arm-none-eabi/lib/armv7-m/libg_nano.a(lib_a-memcpy.o)
 .debug_frame   0x000025d8       0x50 /opt/gcc-arm-none-eabi-4_9-2015q3/bin/../lib/gcc/arm-none-eabi/4.9.3/../../../../arm-none-eabi/lib/armv7-m/libg_nano.a(lib_a-vsnprintf.o)
 .debug_frame   0x00002628       0x8c /opt/gcc-arm-none-eabi-4_9-2015q3/bin/../lib/gcc/arm-none-eabi/4.9.3/../../../../arm-none-eabi/lib/armv7-m/libg_nano.a(lib_a-nano-svfprintf.o)
 .debug_frame   0x000026b4       0x58 /opt/gcc-arm-none-eabi-4_9-2015q3/bin/../lib/gcc/arm-none-eabi/4.9.3/../../../../arm-none-eabi/lib/armv7-m/libg_nano.a(lib_a-nano-vfprintf_i.o)
 .debug_frame   0x0000270c       0x28 /opt/gcc-arm-none-eabi-4_9-2015q3/bin/../lib/gcc/arm-none-eabi/4.9.3/../../../../arm-none-eabi/lib/armv7-m/libg_nano.a(lib_a-memchr.o)
 .debug_frame   0x00002734       0x28 /opt/gcc-arm-none-eabi-4_9-2015q3/bin/../lib/gcc/arm-none-eabi/4.9.3/../../../../arm-none-eabi/lib/armv7-m/libg_nano.a(lib_a-memmove.o)
 .debug_frame   0x0000275c       0x2c /opt/gcc-arm-none-eabi-4_9-2015q3/bin/../lib/gcc/arm-none-eabi/4.9.3/../../../../arm-none-eabi/lib/armv7-m/libg_nano.a(lib_a-nano-freer.o)
 .debug_frame   0x00002788       0x2c /opt/gcc-arm-none-eabi-4_9-2015q3/bin/../lib/gcc/arm-none-eabi/4.9.3/../../../../arm-none-eabi/lib/armv7-m/libg_nano.a(lib_a-nano-mallocr.o)
 .debug_frame   0x000027b4       0x3c /opt/gcc-arm-none-eabi-4_9-2015q3/bin/../lib/gcc/arm-none-eabi/4.9.3/../../../../arm-none-eabi/lib/armv7-m/libg_nano.a(lib_a-nano-reallocr.o)
 .debug_frame   0x000027f0       0x2c /opt/gcc-arm-none-eabi-4_9-2015q3/bin/../lib/gcc/arm-none-eabi/4.9.3/../../../../arm-none-eabi/lib/armv7-m/libg_nano.a(lib_a-sbrkr.o)
 .debug_frame   0x0000281c       0x20 /opt/gcc-arm-none-eabi-4_9-2015q3/bin/../lib/gcc/arm-none-eabi/4.9.3/../../../../arm-none-eabi/lib/armv7-m/libg_nano.a(lib_a-nano-msizer.o)

.debug_str      0x00000000    0x71a85
 *(.debug_str)
 .debug_str     0x00000000    0x69f0a ./system/src/stm32f1xx/stm32f1xx_hal.o
                              0x6a2f8 (size before relaxing)
 .debug_str     0x00069f0a      0x2cb ./system/src/stm32f1xx/stm32f1xx_hal_cortex.o
                              0x6a23b (size before relaxing)
 .debug_str     0x0006a1d5      0x3d0 ./system/src/stm32f1xx/stm32f1xx_hal_dma.o
                              0x69f97 (size before relaxing)
 .debug_str     0x0006a5a5      0x392 ./system/src/stm32f1xx/stm32f1xx_hal_gpio.o
                              0x69f71 (size before relaxing)
 .debug_str     0x0006a937      0x7df ./system/src/stm32f1xx/stm32f1xx_hal_pcd.o
                              0x6a3ef (size before relaxing)
 .debug_str     0x0006b116       0x4b ./system/src/stm32f1xx/stm32f1xx_hal_pcd_ex.o
                              0x69eae (size before relaxing)
 .debug_str     0x0006b161      0x378 ./system/src/stm32f1xx/stm32f1xx_hal_rcc.o
                              0x69ffa (size before relaxing)
 .debug_str     0x0006b4d9      0x11f ./system/src/stm32f1xx/stm32f1xx_hal_rcc_ex.o
                              0x69d5b (size before relaxing)
 .debug_str     0x0006b5f8      0x6d0 ./system/src/stm32f1xx/stm32f1xx_hal_uart.o
                              0x6a4df (size before relaxing)
 .debug_str     0x0006bcc8      0x133 ./system/src/stm32f1xx/stm32f1xx_ll_usb.o
                              0x6a081 (size before relaxing)
 .debug_str     0x0006bdfb     0x108b ./system/src/newlib/_exit.o
                               0x5ffb (size before relaxing)
 .debug_str     0x0006ce86      0x4de ./system/src/newlib/_sbrk.o
                               0x540c (size before relaxing)
 .debug_str     0x0006d364      0x260 ./system/src/newlib/_startup.o
                               0x4fe4 (size before relaxing)
 .debug_str     0x0006d5c4     0x11be ./system/src/newlib/_syscalls.o
                               0x660c (size before relaxing)
 .debug_str     0x0006e782      0x191 ./system/src/diag/Trace.o
                               0x691c (size before relaxing)
 .debug_str     0x0006e913      0x372 ./system/src/diag/trace_impl.o
                              0x57de4 (size before relaxing)
 .debug_str     0x0006ec85       0x5e ./system/src/cortexm/_initialize_hardware.o
                              0x54e21 (size before relaxing)
 .debug_str     0x0006ece3      0x19d ./system/src/cortexm/exception_handlers.o
                              0x58b82 (size before relaxing)
 .debug_str     0x0006ee80       0x68 ./system/src/cmsis/system_stm32f1xx.o
                              0x54e72 (size before relaxing)
 .debug_str     0x0006eee8      0xd6c ./src/main.o
                              0x6b20a (size before relaxing)
 .debug_str     0x0006fc54       0x2b ./src/stm32f1xx_hal_msp.o
                              0x6a2f2 (size before relaxing)
 .debug_str     0x0006fc7f       0x46 ./src/stm32f1xx_it.o
                              0x6a2cb (size before relaxing)
 .debug_str     0x0006fcc5      0xde8 ./src/usb_device.o
                              0x6b9c9 (size before relaxing)
 .debug_str     0x00070aad      0x108 ./src/usbd_cdc_if.o
                              0x6b43e (size before relaxing)
 .debug_str     0x00070bb5      0x213 ./src/usbd_conf.o
                              0x6b87f (size before relaxing)
 .debug_str     0x00070dc8      0x22d ./src/usbd_desc.o
                              0x6a8a8 (size before relaxing)
 .debug_str     0x00070ff5      0x141 ./Middlewares/ST/STM32_USB_Device_Library/Core/Src/usbd_core.o
                              0x6af55 (size before relaxing)
 .debug_str     0x00071136       0xe5 ./Middlewares/ST/STM32_USB_Device_Library/Core/Src/usbd_ctlreq.o
                              0x6ae75 (size before relaxing)
 .debug_str     0x0007121b       0x63 ./Middlewares/ST/STM32_USB_Device_Library/Core/Src/usbd_ioreq.o
                              0x6ada2 (size before relaxing)
 .debug_str     0x0007127e      0x130 ./Middlewares/ST/STM32_USB_Device_Library/Class/CDC/Src/usbd_cdc.o
                              0x6b1d5 (size before relaxing)
 .debug_str     0x000713ae      0x118 ./Middlewares/ST/STM32_USB_Device_Library/Class/MSC/Src/usbd_msc_bot.o
                              0x6b756 (size before relaxing)
 .debug_str     0x000714c6      0x17e ./Middlewares/ST/STM32_USB_Device_Library/Class/MSC/Src/usbd_msc_data.o
                              0x6a61b (size before relaxing)
 .debug_str     0x00071644      0x197 ./Middlewares/ST/STM32_USB_Device_Library/Class/MSC/Src/usbd_msc_scsi.o
                              0x6b892 (size before relaxing)
 .debug_str     0x000717db      0x12b ./Middlewares/ST/STM32_USB_Device_Library/Class/MSC/Src/usbd_msc.o
                              0x6b7d9 (size before relaxing)
 .debug_str     0x00071906      0x17f ./Middlewares/ST/STM32_USB_Device_Library/Class/MSC_CDC/Src/usbd_msc_cdc.o
                              0x6bb32 (size before relaxing)

.debug_loc      0x00000000     0x87e5
 *(.debug_loc)
 .debug_loc     0x00000000       0xe0 ./system/src/stm32f1xx/stm32f1xx_hal.o
 .debug_loc     0x000000e0      0x5ef ./system/src/stm32f1xx/stm32f1xx_hal_cortex.o
 .debug_loc     0x000006cf      0x627 ./system/src/stm32f1xx/stm32f1xx_hal_dma.o
 .debug_loc     0x00000cf6      0x499 ./system/src/stm32f1xx/stm32f1xx_hal_gpio.o
 .debug_loc     0x0000118f      0x969 ./system/src/stm32f1xx/stm32f1xx_hal_pcd.o
 .debug_loc     0x00001af8       0xec ./system/src/stm32f1xx/stm32f1xx_hal_pcd_ex.o
 .debug_loc     0x00001be4      0x579 ./system/src/stm32f1xx/stm32f1xx_hal_rcc.o
 .debug_loc     0x0000215d      0x2d4 ./system/src/stm32f1xx/stm32f1xx_hal_rcc_ex.o
 .debug_loc     0x00002431     0x12a7 ./system/src/stm32f1xx/stm32f1xx_hal_uart.o
 .debug_loc     0x000036d8      0xbb0 ./system/src/stm32f1xx/stm32f1xx_ll_usb.o
 .debug_loc     0x00004288       0x82 ./system/src/newlib/_sbrk.o
 .debug_loc     0x0000430a      0x265 ./system/src/newlib/_startup.o
 .debug_loc     0x0000456f       0x63 ./system/src/newlib/_syscalls.o
 .debug_loc     0x000045d2       0xf7 ./system/src/diag/Trace.o
 .debug_loc     0x000046c9      0x17c ./system/src/diag/trace_impl.o
 .debug_loc     0x00004845      0x2a8 ./system/src/cortexm/exception_handlers.o
 .debug_loc     0x00004aed       0xe4 ./system/src/cmsis/system_stm32f1xx.o
 .debug_loc     0x00004bd1       0x21 ./src/main.o
 .debug_loc     0x00004bf2       0x4d ./src/stm32f1xx_hal_msp.o
 .debug_loc     0x00004c3f      0x111 ./src/usbd_cdc_if.o
 .debug_loc     0x00004d50      0xb5e ./src/usbd_conf.o
 .debug_loc     0x000058ae      0x1c3 ./src/usbd_desc.o
 .debug_loc     0x00005a71      0x61e ./Middlewares/ST/STM32_USB_Device_Library/Core/Src/usbd_core.o
 .debug_loc     0x0000608f      0xaf1 ./Middlewares/ST/STM32_USB_Device_Library/Core/Src/usbd_ctlreq.o
 .debug_loc     0x00006b80      0x204 ./Middlewares/ST/STM32_USB_Device_Library/Core/Src/usbd_ioreq.o
 .debug_loc     0x00006d84      0x3e0 ./Middlewares/ST/STM32_USB_Device_Library/Class/CDC/Src/usbd_cdc.o
 .debug_loc     0x00007164      0x34c ./Middlewares/ST/STM32_USB_Device_Library/Class/MSC/Src/usbd_msc_bot.o
 .debug_loc     0x000074b0      0xdd6 ./Middlewares/ST/STM32_USB_Device_Library/Class/MSC/Src/usbd_msc_scsi.o
 .debug_loc     0x00008286      0x2e3 ./Middlewares/ST/STM32_USB_Device_Library/Class/MSC/Src/usbd_msc.o
 .debug_loc     0x00008569      0x27c ./Middlewares/ST/STM32_USB_Device_Library/Class/MSC_CDC/Src/usbd_msc_cdc.o

.debug_macinfo
 *(.debug_macinfo)

.debug_weaknames
 *(.debug_weaknames)

.debug_funcnames
 *(.debug_funcnames)

.debug_typenames
 *(.debug_typenames)

.debug_varnames
 *(.debug_varnames)
OUTPUT(usb-cdc-uart.elf elf32-littlearm)

.debug_ranges   0x00000000      0xe10
 .debug_ranges  0x00000000       0xc0 ./system/src/stm32f1xx/stm32f1xx_hal.o
 .debug_ranges  0x000000c0       0x80 ./system/src/stm32f1xx/stm32f1xx_hal_cortex.o
 .debug_ranges  0x00000140       0x70 ./system/src/stm32f1xx/stm32f1xx_hal_dma.o
 .debug_ranges  0x000001b0       0x48 ./system/src/stm32f1xx/stm32f1xx_hal_gpio.o
 .debug_ranges  0x000001f8      0x110 ./system/src/stm32f1xx/stm32f1xx_hal_pcd.o
 .debug_ranges  0x00000308       0x18 ./system/src/stm32f1xx/stm32f1xx_hal_pcd_ex.o
 .debug_ranges  0x00000320       0x98 ./system/src/stm32f1xx/stm32f1xx_hal_rcc.o
 .debug_ranges  0x000003b8       0x38 ./system/src/stm32f1xx/stm32f1xx_hal_rcc_ex.o
 .debug_ranges  0x000003f0      0x1c0 ./system/src/stm32f1xx/stm32f1xx_hal_uart.o
 .debug_ranges  0x000005b0       0xf0 ./system/src/stm32f1xx/stm32f1xx_ll_usb.o
 .debug_ranges  0x000006a0       0x18 ./system/src/newlib/_exit.o
 .debug_ranges  0x000006b8       0x10 ./system/src/newlib/_sbrk.o
 .debug_ranges  0x000006c8       0x48 ./system/src/newlib/_startup.o
 .debug_ranges  0x00000710       0x20 ./system/src/newlib/_syscalls.o
 .debug_ranges  0x00000730       0x28 ./system/src/diag/Trace.o
 .debug_ranges  0x00000758       0x38 ./system/src/diag/trace_impl.o
 .debug_ranges  0x00000790       0x18 ./system/src/cortexm/_initialize_hardware.o
 .debug_ranges  0x000007a8       0x98 ./system/src/cortexm/exception_handlers.o
 .debug_ranges  0x00000840       0x20 ./system/src/cmsis/startup_stm32f103xb.o
 .debug_ranges  0x00000860       0x18 ./system/src/cmsis/system_stm32f1xx.o
 .debug_ranges  0x00000878       0x40 ./src/main.o
 .debug_ranges  0x000008b8       0x20 ./src/stm32f1xx_hal_msp.o
 .debug_ranges  0x000008d8       0x60 ./src/stm32f1xx_it.o